Archive member included to satisfy reference by file (symbol)

C:/nxp/MCUXpressoIDE_11.10.0_3148/ide/plugins/com.nxp.mcuxpresso.tools.win32_11.10.0.202311280810/tools/bin/../lib/gcc/arm-none-eabi/13.2.1/../../../../arm-none-eabi/lib/thumb/v7e-m+fp/hard\libcr_nohost_nf.a(_cr__main.o)
                              ./startup/startup_mk64f12.o (__main)
C:/nxp/MCUXpressoIDE_11.10.0_3148/ide/plugins/com.nxp.mcuxpresso.tools.win32_11.10.0.202311280810/tools/bin/../lib/gcc/arm-none-eabi/13.2.1/../../../../arm-none-eabi/lib/thumb/v7e-m+fp/hard\libcr_c.a(alloc.o)
                              ./source/utils/circular_buffer.o (malloc)
C:/nxp/MCUXpressoIDE_11.10.0_3148/ide/plugins/com.nxp.mcuxpresso.tools.win32_11.10.0.202311280810/tools/bin/../lib/gcc/arm-none-eabi/13.2.1/../../../../arm-none-eabi/lib/thumb/v7e-m+fp/hard\libcr_c.a(fpprintf.o)
                              ./source/serial/serial.o (vsprintf)
C:/nxp/MCUXpressoIDE_11.10.0_3148/ide/plugins/com.nxp.mcuxpresso.tools.win32_11.10.0.202311280810/tools/bin/../lib/gcc/arm-none-eabi/13.2.1/../../../../arm-none-eabi/lib/thumb/v7e-m+fp/hard\libcr_c.a(initio.o)
                              C:/nxp/MCUXpressoIDE_11.10.0_3148/ide/plugins/com.nxp.mcuxpresso.tools.win32_11.10.0.202311280810/tools/bin/../lib/gcc/arm-none-eabi/13.2.1/../../../../arm-none-eabi/lib/thumb/v7e-m+fp/hard\libcr_nohost_nf.a(_cr__main.o) (_initio)
C:/nxp/MCUXpressoIDE_11.10.0_3148/ide/plugins/com.nxp.mcuxpresso.tools.win32_11.10.0.202311280810/tools/bin/../lib/gcc/arm-none-eabi/13.2.1/../../../../arm-none-eabi/lib/thumb/v7e-m+fp/hard\libcr_c.a(printf.o)
                              C:/nxp/MCUXpressoIDE_11.10.0_3148/ide/plugins/com.nxp.mcuxpresso.tools.win32_11.10.0.202311280810/tools/bin/../lib/gcc/arm-none-eabi/13.2.1/../../../../arm-none-eabi/lib/thumb/v7e-m+fp/hard\libcr_c.a(fpprintf.o) (__vfprintf)
C:/nxp/MCUXpressoIDE_11.10.0_3148/ide/plugins/com.nxp.mcuxpresso.tools.win32_11.10.0.202311280810/tools/bin/../lib/gcc/arm-none-eabi/13.2.1/../../../../arm-none-eabi/lib/thumb/v7e-m+fp/hard\libcr_c.a(setvbuf.o)
                              C:/nxp/MCUXpressoIDE_11.10.0_3148/ide/plugins/com.nxp.mcuxpresso.tools.win32_11.10.0.202311280810/tools/bin/../lib/gcc/arm-none-eabi/13.2.1/../../../../arm-none-eabi/lib/thumb/v7e-m+fp/hard\libcr_c.a(initio.o) (setvbuf)
C:/nxp/MCUXpressoIDE_11.10.0_3148/ide/plugins/com.nxp.mcuxpresso.tools.win32_11.10.0.202311280810/tools/bin/../lib/gcc/arm-none-eabi/13.2.1/../../../../arm-none-eabi/lib/thumb/v7e-m+fp/hard\libcr_c.a(strlen.o)
                              C:/nxp/MCUXpressoIDE_11.10.0_3148/ide/plugins/com.nxp.mcuxpresso.tools.win32_11.10.0.202311280810/tools/bin/../lib/gcc/arm-none-eabi/13.2.1/../../../../arm-none-eabi/lib/thumb/v7e-m+fp/hard\libcr_c.a(printf.o) (strlen)
C:/nxp/MCUXpressoIDE_11.10.0_3148/ide/plugins/com.nxp.mcuxpresso.tools.win32_11.10.0.202311280810/tools/bin/../lib/gcc/arm-none-eabi/13.2.1/../../../../arm-none-eabi/lib/thumb/v7e-m+fp/hard\libcr_c.a(memcpy.o)
                              C:/nxp/MCUXpressoIDE_11.10.0_3148/ide/plugins/com.nxp.mcuxpresso.tools.win32_11.10.0.202311280810/tools/bin/../lib/gcc/arm-none-eabi/13.2.1/../../../../arm-none-eabi/lib/thumb/v7e-m+fp/hard\libcr_c.a(alloc.o) (memcpy)
C:/nxp/MCUXpressoIDE_11.10.0_3148/ide/plugins/com.nxp.mcuxpresso.tools.win32_11.10.0.202311280810/tools/bin/../lib/gcc/arm-none-eabi/13.2.1/../../../../arm-none-eabi/lib/thumb/v7e-m+fp/hard\libcr_c.a(memset.o)
                              C:/nxp/MCUXpressoIDE_11.10.0_3148/ide/plugins/com.nxp.mcuxpresso.tools.win32_11.10.0.202311280810/tools/bin/../lib/gcc/arm-none-eabi/13.2.1/../../../../arm-none-eabi/lib/thumb/v7e-m+fp/hard\libcr_c.a(alloc.o) (memset)
C:/nxp/MCUXpressoIDE_11.10.0_3148/ide/plugins/com.nxp.mcuxpresso.tools.win32_11.10.0.202311280810/tools/bin/../lib/gcc/arm-none-eabi/13.2.1/../../../../arm-none-eabi/lib/thumb/v7e-m+fp/hard\libcr_c.a(__init_alloc.o)
                              C:/nxp/MCUXpressoIDE_11.10.0_3148/ide/plugins/com.nxp.mcuxpresso.tools.win32_11.10.0.202311280810/tools/bin/../lib/gcc/arm-none-eabi/13.2.1/../../../../arm-none-eabi/lib/thumb/v7e-m+fp/hard\libcr_c.a(alloc.o) (__heaps)
C:/nxp/MCUXpressoIDE_11.10.0_3148/ide/plugins/com.nxp.mcuxpresso.tools.win32_11.10.0.202311280810/tools/bin/../lib/gcc/arm-none-eabi/13.2.1/../../../../arm-none-eabi/lib/thumb/v7e-m+fp/hard\libcr_c.a(_cr_sbrk.o)
                              C:/nxp/MCUXpressoIDE_11.10.0_3148/ide/plugins/com.nxp.mcuxpresso.tools.win32_11.10.0.202311280810/tools/bin/../lib/gcc/arm-none-eabi/13.2.1/../../../../arm-none-eabi/lib/thumb/v7e-m+fp/hard\libcr_c.a(alloc.o) (_sbrk)
C:/nxp/MCUXpressoIDE_11.10.0_3148/ide/plugins/com.nxp.mcuxpresso.tools.win32_11.10.0.202311280810/tools/bin/../lib/gcc/arm-none-eabi/13.2.1/../../../../arm-none-eabi/lib/thumb/v7e-m+fp/hard\libcr_c.a(_deferredlazyseek.o)
[...]
Memory Configuration

Name             Origin             Length             Attributes
PROGRAM_FLASH    0x00000000         0x00100000         xr
SRAM_UPPER       0x20000000         0x00030000         xrw
SRAM_LOWER       0x1fff0000         0x00010000         xrw
FLEX_RAM         0x14000000         0x00001000         xrw
*default*        0x00000000         0xffffffff

Linker script and memory map

LOAD ./startup/startup_mk64f12.o
LOAD ./source/utils/circular_buffer.o
LOAD ./source/serial/serial.o
LOAD ./source/pdb/pdb.o
LOAD ./source/gpio/gpio.o
LOAD ./source/ADC.o
LOAD ./source/FTM.o
LOAD ./source/GPIO.o
LOAD ./source/PORT.o
LOAD ./source/SysTick.o
LOAD ./source/demod.o
LOAD ./source/hardware.o
LOAD ./source/main.o
LOAD ./source/uart2.o
LOAD ./CMSIS/system_MK64F12.o
START GROUP
LOAD C:/nxp/MCUXpressoIDE_11.10.0_3148/ide/plugins/com.nxp.mcuxpresso.tools.win32_11.10.0.202311280810/tools/bin/../lib/gcc/arm-none-eabi/13.2.1/../../../../arm-none-eabi/lib/thumb/v7e-m+fp/hard\libcr_nohost_nf.a
LOAD C:/nxp/MCUXpressoIDE_11.10.0_3148/ide/plugins/com.nxp.mcuxpresso.tools.win32_11.10.0.202311280810/tools/bin/../lib/gcc/arm-none-eabi/13.2.1/../../../../arm-none-eabi/lib/thumb/v7e-m+fp/hard\libcr_c.a
LOAD C:/nxp/MCUXpressoIDE_11.10.0_3148/ide/plugins/com.nxp.mcuxpresso.tools.win32_11.10.0.202311280810/tools/bin/../lib/gcc/arm-none-eabi/13.2.1/thumb/v7e-m+fp/hard\libcr_eabihelpers.a
LOAD C:/nxp/MCUXpressoIDE_11.10.0_3148/ide/plugins/com.nxp.mcuxpresso.tools.win32_11.10.0.202311280810/tools/bin/../lib/gcc/arm-none-eabi/13.2.1/thumb/v7e-m+fp/hard\libgcc.a
END GROUP
                0x00000000                        __base_PROGRAM_FLASH = 0x0
                0x00000000                        __base_Flash = 0x0
                0x00100000                        __top_PROGRAM_FLASH = 0x100000
                0x00100000                        __top_Flash = 0x100000
                0x20000000                        __base_SRAM_UPPER = 0x20000000
                0x20000000                        __base_RAM = 0x20000000
                0x20030000                        __top_SRAM_UPPER = 0x20030000
                0x20030000                        __top_RAM = 0x20030000
                0x1fff0000                        __base_SRAM_LOWER = 0x1fff0000
                0x1fff0000                        __base_RAM2 = 0x1fff0000
                0x20000000                        __top_SRAM_LOWER = 0x20000000
                0x20000000                        __top_RAM2 = 0x20000000
                0x14000000                        __base_FLEX_RAM = 0x14000000
                0x14000000                        __base_RAM3 = 0x14000000
                0x14001000                        __top_FLEX_RAM = 0x14001000
                0x14001000                        __top_RAM3 = 0x14001000

.text           0x00000000     0x21a0
 FILL mask 0xff
                0x00000000                        __vectors_start__ = ABSOLUTE (.)
 *(.isr_vector)
 .isr_vector    0x00000000      0x198 ./startup/startup_mk64f12.o
                0x00000000                g_pfnVectors
                0x00000000                __Vectors
                0x00000198                        . = ALIGN (0x4)
                0x00000198                        __section_table_start = .
                0x00000198                        __data_section_table = .
                0x00000198        0x4 LONG 0x21a0 LOADADDR (.data)
                0x0000019c        0x4 LONG 0x20000000 ADDR (.data)
                0x000001a0        0x4 LONG 0x50 SIZEOF (.data)
                0x000001a4        0x4 LONG 0x21a0 LOADADDR (.data_RAM2)
                0x000001a8        0x4 LONG 0x1fff0000 ADDR (.data_RAM2)
                0x000001ac        0x4 LONG 0x0 SIZEOF (.data_RAM2)
                0x000001b0        0x4 LONG 0x21a0 LOADADDR (.data_RAM3)
                0x000001b4        0x4 LONG 0x14000000 ADDR (.data_RAM3)
                0x000001b8        0x4 LONG 0x0 SIZEOF (.data_RAM3)
                0x000001bc                        __data_section_table_end = .
                0x000001bc                        __bss_section_table = .
                0x000001bc        0x4 LONG 0x20000050 ADDR (.bss)
                0x000001c0        0x4 LONG 0x908 SIZEOF (.bss)
                0x000001c4        0x4 LONG 0x1fff0000 ADDR (.bss_RAM2)
                0x000001c8        0x4 LONG 0x0 SIZEOF (.bss_RAM2)
                0x000001cc        0x4 LONG 0x14000000 ADDR (.bss_RAM3)
                0x000001d0        0x4 LONG 0x0 SIZEOF (.bss_RAM3)
                0x000001d4                        __bss_section_table_end = .
                0x000001d4                        __section_table_end = .
 *(.after_vectors*)
 .after_vectors.init_data
                0x000001d4       0x1e ./startup/startup_mk64f12.o
                0x000001d4                data_init
 .after_vectors.init_bss
                0x000001f2       0x12 ./startup/startup_mk64f12.o
                0x000001f2                bss_init
 .after_vectors.reset
                0x00000204       0x4c ./startup/startup_mk64f12.o
                0x00000204                ResetISR
 .after_vectors
                0x00000250       0x14 ./startup/startup_mk64f12.o
                0x00000250                NMI_Handler
                0x00000252                HardFault_Handler
                0x00000254                MemManage_Handler
                0x00000256                BusFault_Handler
                0x00000258                UsageFault_Handler
                0x0000025a                SVC_Handler
                0x0000025c                DebugMon_Handler
                0x0000025e                PendSV_Handler
                0x00000262                DMA_Error_DriverIRQHandler
                0x00000262                LPTMR0_DriverIRQHandler
                0x00000262                FTM1_DriverIRQHandler
                0x00000262                FTM2_DriverIRQHandler
                0x00000262                PIT2_DriverIRQHandler
                0x00000262                SDHC_DriverIRQHandler
                0x00000262                I2S0_Tx_DriverIRQHandler
                0x00000262                RTC_Seconds_DriverIRQHandler
                0x00000262                DMA6_DriverIRQHandler
                0x00000262                LLWU_DriverIRQHandler
                0x00000262                MCM_DriverIRQHandler
                0x00000262                MCG_DriverIRQHandler
                0x00000262                ENET_1588_Timer_DriverIRQHandler
                0x00000262                I2C2_DriverIRQHandler
                0x00000262                DAC1_DriverIRQHandler
                0x00000262                SPI1_DriverIRQHandler
                0x00000262                CMP1_DriverIRQHandler
                0x00000262                UART5_RX_TX_DriverIRQHandler
                0x00000262                FTM0_DriverIRQHandler
                0x00000262                IntDefaultHandler
                0x00000262                USB0_DriverIRQHandler
                0x00000262                UART5_ERR_DriverIRQHandler
                0x00000262                PORTC_DriverIRQHandler
                0x00000262                DMA11_DriverIRQHandler
                0x00000262                DAC0_DriverIRQHandler
                0x00000262                DMA10_DriverIRQHandler
                0x00000262                CMP2_DriverIRQHandler
                0x00000262                UART2_ERR_DriverIRQHandler
                0x00000262                SPI2_DriverIRQHandler
                0x00000262                LVD_LVW_DriverIRQHandler
                0x00000262                PIT0_DriverIRQHandler
                0x00000262                RNG_DriverIRQHandler
                0x00000262                DMA12_DriverIRQHandler
                0x00000262                DMA4_DriverIRQHandler
                0x00000262                UART2_RX_TX_DriverIRQHandler
                0x00000262                USBDCD_DriverIRQHandler
                0x00000262                UART3_ERR_DriverIRQHandler
                0x00000262                DMA3_DriverIRQHandler
                0x00000262                DMA8_DriverIRQHandler
                0x00000262                DMA9_DriverIRQHandler
                0x00000262                UART0_ERR_DriverIRQHandler
                0x00000262                CMT_DriverIRQHandler
                0x00000262                Reserved71_DriverIRQHandler
                0x00000262                ADC1_DriverIRQHandler
                0x00000262                PORTA_DriverIRQHandler
                0x00000262                DMA14_DriverIRQHandler
                0x00000262                PIT3_DriverIRQHandler
                0x00000262                PIT1_DriverIRQHandler
                0x00000262                WDOG_EWM_DriverIRQHandler
                0x00000262                PDB0_DriverIRQHandler
                0x00000262                RTC_DriverIRQHandler
                0x00000262                I2S0_Rx_DriverIRQHandler
                0x00000262                Read_Collision_DriverIRQHandler
                0x00000262                SWI_DriverIRQHandler
                0x00000262                UART4_RX_TX_DriverIRQHandler
                0x00000262                UART4_ERR_DriverIRQHandler
                0x00000262                PORTB_DriverIRQHandler
                0x00000262                UART0_LON_DriverIRQHandler
                0x00000262                DMA0_DriverIRQHandler
                0x00000262                DMA1_DriverIRQHandler
                0x00000262                I2C1_DriverIRQHandler
                0x00000262                UART3_RX_TX_DriverIRQHandler
                0x00000262                ENET_Receive_DriverIRQHandler
                0x00000262                DMA13_DriverIRQHandler
                0x00000262                ENET_Error_DriverIRQHandler
                0x00000262                DMA15_DriverIRQHandler
                0x00000262                UART0_RX_TX_DriverIRQHandler
                0x00000262                SPI0_DriverIRQHandler
                0x00000262                ADC0_DriverIRQHandler
                0x00000262                CMP0_DriverIRQHandler
                0x00000262                CAN0_DriverIRQHandler
                0x00000262                FTM3_DriverIRQHandler
                0x00000262                DMA5_DriverIRQHandler
                0x00000262                UART1_ERR_DriverIRQHandler
                0x00000262                DMA2_DriverIRQHandler
                0x00000262                ENET_Transmit_DriverIRQHandler
                0x00000262                PORTD_DriverIRQHandler
                0x00000262                PORTE_DriverIRQHandler
                0x00000262                FTFE_DriverIRQHandler
                0x00000262                I2C0_DriverIRQHandler
                0x00000262                DMA7_DriverIRQHandler
                0x00000262                UART1_RX_TX_DriverIRQHandler
                0x00000400                        . = 0x400
 *fill*         0x00000264      0x19c ff
                0x00000400                        PROVIDE (__FLASH_CONFIG_START__ = .)
 *(.FlashConfig)
 .FlashConfig   0x00000400       0x10 ./startup/startup_mk64f12.o
                0x00000400                Flash_Config
                0x00000410                        PROVIDE (__FLASH_CONFIG_END__ = .)
                0x00000001                        ASSERT (! ((__FLASH_CONFIG_START__ == __FLASH_CONFIG_END__)), Linker Flash Config Support Enabled, but no .FlashConfig section provided within application)
 *(.text*)
 .text.DMA0_IRQHandler
                0x00000410        0x8 ./startup/startup_mk64f12.o
                0x00000410                DMA0_IRQHandler
 .text.DMA1_IRQHandler
                0x00000418        0x8 ./startup/startup_mk64f12.o
                0x00000418                DMA1_IRQHandler
 .text.DMA2_IRQHandler
                0x00000420        0x8 ./startup/startup_mk64f12.o
                0x00000420                DMA2_IRQHandler
 .text.DMA3_IRQHandler
                0x00000428        0x8 ./startup/startup_mk64f12.o
                0x00000428                DMA3_IRQHandler
 .text.DMA4_IRQHandler
                0x00000430        0x8 ./startup/startup_mk64f12.o
                0x00000430                DMA4_IRQHandler
 .text.DMA5_IRQHandler
                0x00000438        0x8 ./startup/startup_mk64f12.o
                0x00000438                DMA5_IRQHandler
 .text.DMA6_IRQHandler
                0x00000440        0x8 ./startup/startup_mk64f12.o
                0x00000440                DMA6_IRQHandler
 .text.DMA7_IRQHandler
                0x00000448        0x8 ./startup/startup_mk64f12.o
                0x00000448                DMA7_IRQHandler
 .text.DMA8_IRQHandler
                0x00000450        0x8 ./startup/startup_mk64f12.o
                0x00000450                DMA8_IRQHandler
 .text.DMA9_IRQHandler
                0x00000458        0x8 ./startup/startup_mk64f12.o
                0x00000458                DMA9_IRQHandler
 .text.DMA10_IRQHandler
                0x00000460        0x8 ./startup/startup_mk64f12.o
                0x00000460                DMA10_IRQHandler
 .text.DMA11_IRQHandler
                0x00000468        0x8 ./startup/startup_mk64f12.o
                0x00000468                DMA11_IRQHandler
 .text.DMA12_IRQHandler
                0x00000470        0x8 ./startup/startup_mk64f12.o
                0x00000470                DMA12_IRQHandler
 .text.DMA13_IRQHandler
                0x00000478        0x8 ./startup/startup_mk64f12.o
                0x00000478                DMA13_IRQHandler
 .text.DMA14_IRQHandler
                0x00000480        0x8 ./startup/startup_mk64f12.o
                0x00000480                DMA14_IRQHandler
 .text.DMA15_IRQHandler
                0x00000488        0x8 ./startup/startup_mk64f12.o
                0x00000488                DMA15_IRQHandler
 .text.DMA_Error_IRQHandler
                0x00000490        0x8 ./startup/startup_mk64f12.o
                0x00000490                DMA_Error_IRQHandler
 .text.MCM_IRQHandler
                0x00000498        0x8 ./startup/startup_mk64f12.o
                0x00000498                MCM_IRQHandler
 .text.FTFE_IRQHandler
                0x000004a0        0x8 ./startup/startup_mk64f12.o
                0x000004a0                FTFE_IRQHandler
 .text.Read_Collision_IRQHandler
                0x000004a8        0x8 ./startup/startup_mk64f12.o
                0x000004a8                Read_Collision_IRQHandler
 .text.LVD_LVW_IRQHandler
                0x000004b0        0x8 ./startup/startup_mk64f12.o
                0x000004b0                LVD_LVW_IRQHandler
 .text.LLWU_IRQHandler
                0x000004b8        0x8 ./startup/startup_mk64f12.o
                0x000004b8                LLWU_IRQHandler
 .text.WDOG_EWM_IRQHandler
                0x000004c0        0x8 ./startup/startup_mk64f12.o
                0x000004c0                WDOG_EWM_IRQHandler
 .text.RNG_IRQHandler
                0x000004c8        0x8 ./startup/startup_mk64f12.o
                0x000004c8                RNG_IRQHandler
 .text.I2C0_IRQHandler
                0x000004d0        0x8 ./startup/startup_mk64f12.o
                0x000004d0                I2C0_IRQHandler
 .text.I2C1_IRQHandler
                0x000004d8        0x8 ./startup/startup_mk64f12.o
                0x000004d8                I2C1_IRQHandler
 .text.SPI0_IRQHandler
                0x000004e0        0x8 ./startup/startup_mk64f12.o
                0x000004e0                SPI0_IRQHandler
 .text.SPI1_IRQHandler
                0x000004e8        0x8 ./startup/startup_mk64f12.o
                0x000004e8                SPI1_IRQHandler
 .text.I2S0_Tx_IRQHandler
                0x000004f0        0x8 ./startup/startup_mk64f12.o
                0x000004f0                I2S0_Tx_IRQHandler
 .text.I2S0_Rx_IRQHandler
                0x000004f8        0x8 ./startup/startup_mk64f12.o
                0x000004f8                I2S0_Rx_IRQHandler
 .text.UART0_LON_IRQHandler
                0x00000500        0x8 ./startup/startup_mk64f12.o
                0x00000500                UART0_LON_IRQHandler
 .text.UART0_ERR_IRQHandler
                0x00000508        0x8 ./startup/startup_mk64f12.o
                0x00000508                UART0_ERR_IRQHandler
 .text.UART1_ERR_IRQHandler
                0x00000510        0x8 ./startup/startup_mk64f12.o
                0x00000510                UART1_ERR_IRQHandler
 .text.UART2_ERR_IRQHandler
                0x00000518        0x8 ./startup/startup_mk64f12.o
                0x00000518                UART2_ERR_IRQHandler
 .text.UART3_ERR_IRQHandler
                0x00000520        0x8 ./startup/startup_mk64f12.o
                0x00000520                UART3_ERR_IRQHandler
 .text.CMP0_IRQHandler
                0x00000528        0x8 ./startup/startup_mk64f12.o
                0x00000528                CMP0_IRQHandler
 .text.CMP1_IRQHandler
                0x00000530        0x8 ./startup/startup_mk64f12.o
                0x00000530                CMP1_IRQHandler
 .text.FTM1_IRQHandler
                0x00000538        0x8 ./startup/startup_mk64f12.o
                0x00000538                FTM1_IRQHandler
 .text.FTM2_IRQHandler
                0x00000540        0x8 ./startup/startup_mk64f12.o
                0x00000540                FTM2_IRQHandler
 .text.CMT_IRQHandler
                0x00000548        0x8 ./startup/startup_mk64f12.o
                0x00000548                CMT_IRQHandler
 .text.RTC_IRQHandler
                0x00000550        0x8 ./startup/startup_mk64f12.o
                0x00000550                RTC_IRQHandler
 .text.RTC_Seconds_IRQHandler
                0x00000558        0x8 ./startup/startup_mk64f12.o
                0x00000558                RTC_Seconds_IRQHandler
 .text.PIT0_IRQHandler
                0x00000560        0x8 ./startup/startup_mk64f12.o
                0x00000560                PIT0_IRQHandler
 .text.PIT1_IRQHandler
                0x00000568        0x8 ./startup/startup_mk64f12.o
                0x00000568                PIT1_IRQHandler
 .text.PIT2_IRQHandler
                0x00000570        0x8 ./startup/startup_mk64f12.o
                0x00000570                PIT2_IRQHandler
 .text.PIT3_IRQHandler
                0x00000578        0x8 ./startup/startup_mk64f12.o
                0x00000578                PIT3_IRQHandler
 .text.USB0_IRQHandler
                0x00000580        0x8 ./startup/startup_mk64f12.o
                0x00000580                USB0_IRQHandler
 .text.USBDCD_IRQHandler
                0x00000588        0x8 ./startup/startup_mk64f12.o
                0x00000588                USBDCD_IRQHandler
 .text.Reserved71_IRQHandler
                0x00000590        0x8 ./startup/startup_mk64f12.o
                0x00000590                Reserved71_IRQHandler
 .text.DAC0_IRQHandler
                0x00000598        0x8 ./startup/startup_mk64f12.o
                0x00000598                DAC0_IRQHandler
 .text.MCG_IRQHandler
                0x000005a0        0x8 ./startup/startup_mk64f12.o
                0x000005a0                MCG_IRQHandler
 .text.LPTMR0_IRQHandler
                0x000005a8        0x8 ./startup/startup_mk64f12.o
                0x000005a8                LPTMR0_IRQHandler
 .text.SWI_IRQHandler
                0x000005b0        0x8 ./startup/startup_mk64f12.o
                0x000005b0                SWI_IRQHandler
 .text.SPI2_IRQHandler
                0x000005b8        0x8 ./startup/startup_mk64f12.o
                0x000005b8                SPI2_IRQHandler
 .text.UART4_ERR_IRQHandler
                0x000005c0        0x8 ./startup/startup_mk64f12.o
                0x000005c0                UART4_ERR_IRQHandler
 .text.UART5_RX_TX_IRQHandler
                0x000005c8        0x8 ./startup/startup_mk64f12.o
                0x000005c8                UART5_RX_TX_IRQHandler
 .text.UART5_ERR_IRQHandler
                0x000005d0        0x8 ./startup/startup_mk64f12.o
                0x000005d0                UART5_ERR_IRQHandler
 .text.CMP2_IRQHandler
                0x000005d8        0x8 ./startup/startup_mk64f12.o
                0x000005d8                CMP2_IRQHandler
 .text.FTM3_IRQHandler
                0x000005e0        0x8 ./startup/startup_mk64f12.o
                0x000005e0                FTM3_IRQHandler
 .text.DAC1_IRQHandler
                0x000005e8        0x8 ./startup/startup_mk64f12.o
                0x000005e8                DAC1_IRQHandler
 .text.ADC1_IRQHandler
                0x000005f0        0x8 ./startup/startup_mk64f12.o
                0x000005f0                ADC1_IRQHandler
 .text.I2C2_IRQHandler
                0x000005f8        0x8 ./startup/startup_mk64f12.o
                0x000005f8                I2C2_IRQHandler
 .text.CAN0_ORed_Message_buffer_IRQHandler
                0x00000600        0x8 ./startup/startup_mk64f12.o
                0x00000600                CAN0_ORed_Message_buffer_IRQHandler
 .text.CAN0_Bus_Off_IRQHandler
                0x00000608        0x8 ./startup/startup_mk64f12.o
                0x00000608                CAN0_Bus_Off_IRQHandler
 .text.CAN0_Error_IRQHandler
                0x00000610        0x8 ./startup/startup_mk64f12.o
                0x00000610                CAN0_Error_IRQHandler
 .text.CAN0_Tx_Warning_IRQHandler
                0x00000618        0x8 ./startup/startup_mk64f12.o
                0x00000618                CAN0_Tx_Warning_IRQHandler
 .text.CAN0_Rx_Warning_IRQHandler
                0x00000620        0x8 ./startup/startup_mk64f12.o
                0x00000620                CAN0_Rx_Warning_IRQHandler
 .text.CAN0_Wake_Up_IRQHandler
                0x00000628        0x8 ./startup/startup_mk64f12.o
                0x00000628                CAN0_Wake_Up_IRQHandler
 .text.SDHC_IRQHandler
                0x00000630        0x8 ./startup/startup_mk64f12.o
                0x00000630                SDHC_IRQHandler
 .text.ENET_1588_Timer_IRQHandler
                0x00000638        0x8 ./startup/startup_mk64f12.o
                0x00000638                ENET_1588_Timer_IRQHandler
 .text.ENET_Transmit_IRQHandler
                0x00000640        0x8 ./startup/startup_mk64f12.o
                0x00000640                ENET_Transmit_IRQHandler
 .text.ENET_Receive_IRQHandler
                0x00000648        0x8 ./startup/startup_mk64f12.o
                0x00000648                ENET_Receive_IRQHandler
 .text.ENET_Error_IRQHandler
                0x00000650        0x8 ./startup/startup_mk64f12.o
                0x00000650                ENET_Error_IRQHandler
 .text.circular_buffer_init
                0x00000658       0x5a ./source/utils/circular_buffer.o
                0x00000658                circular_buffer_init
 .text.circular_buffer_empty
                0x000006b2       0x22 ./source/utils/circular_buffer.o
                0x000006b2                circular_buffer_empty
 .text.circular_buffer_full
                0x000006d4       0x26 ./source/utils/circular_buffer.o
                0x000006d4                circular_buffer_full
 .text.circular_buffer_push
                0x000006fa       0x56 ./source/utils/circular_buffer.o
                0x000006fa                circular_buffer_push
 .text.circular_buffer_pop
                0x00000750       0x52 ./source/utils/circular_buffer.o
                0x00000750                circular_buffer_pop
 .text.serial_init
                0x000007a2       0x18 ./source/serial/serial.o
                0x000007a2                serial_init
 .text.serial_print
                0x000007ba       0x44 ./source/serial/serial.o
                0x000007ba                serial_print
 *fill*         0x000007fe        0x2 ff
 .text.NVIC_EnableIRQ
                0x00000800       0x34 ./source/pdb/pdb.o
 .text.pdb_init
                0x00000834      0x110 ./source/pdb/pdb.o
                0x00000834                pdb_init
 .text.do_software_trigger
                0x00000944       0x20 ./source/pdb/pdb.o
                0x00000944                do_software_trigger
 .text.pdb_set_delay
                0x00000964       0x6c ./source/pdb/pdb.o
                0x00000964                pdb_set_delay
 .text.PDB0_IRQHandler
                0x000009d0       0x2c ./source/pdb/pdb.o
                0x000009d0                PDB0_IRQHandler
 .text.gpioMode
                0x000009fc      0x160 ./source/gpio/gpio.o
                0x000009fc                gpioMode
 .text.PORTA_IRQHandler
                0x00000b5c       0x70 ./source/gpio/gpio.o
                0x00000b5c                PORTA_IRQHandler
 .text.PORTB_IRQHandler
                0x00000bcc       0x70 ./source/gpio/gpio.o
                0x00000bcc                PORTB_IRQHandler
 .text.PORTC_IRQHandler
                0x00000c3c       0x70 ./source/gpio/gpio.o
                0x00000c3c                PORTC_IRQHandler
 .text.PORTD_IRQHandler
                0x00000cac       0x70 ./source/gpio/gpio.o
                0x00000cac                PORTD_IRQHandler
 .text.PORTE_IRQHandler
                0x00000d1c       0x70 ./source/gpio/gpio.o
                0x00000d1c                PORTE_IRQHandler
 .text.NVIC_EnableIRQ
                0x00000d8c       0x34 ./source/ADC.o
 .text.ADC_Init
                0x00000dc0       0xd0 ./source/ADC.o
                0x00000dc0                ADC_Init
 .text.ADC_SetResolution
                0x00000e90       0x2e ./source/ADC.o
                0x00000e90                ADC_SetResolution
 .text.ADC_SetCycles
                0x00000ebe       0x4c ./source/ADC.o
                0x00000ebe                ADC_SetCycles
 *fill*         0x00000f0a        0x2 ff
 .text.setADCIRQ
                0x00000f0c       0x20 ./source/ADC.o
                0x00000f0c                setADCIRQ
 .text.ADC0_IRQHandler
                0x00000f2c       0x5c ./source/ADC.o
                0x00000f2c                ADC0_IRQHandler
 .text.FTM0_IRQHandler
                0x00000f88       0x1c ./source/FTM.o
                0x00000f88                FTM0_IRQHandler
 .text.OVF_ISR  0x00000fa4       0x20 ./source/FTM.o
                0x00000fa4                OVF_ISR
 .text.FTM_ClearOverflowFlag
                0x00000fc4       0x20 ./source/FTM.o
                0x00000fc4                FTM_ClearOverflowFlag
 .text.GPIO_Toggle
                0x00000fe4       0x1c ./source/GPIO.o
                0x00000fe4                GPIO_Toggle
 .text.NVIC_EnableIRQ
                0x00001000       0x34 ./source/PORT.o
 .text.PORT_Init
                0x00001034       0xc0 ./source/PORT.o
                0x00001034                PORT_Init
 .text.PORT_ClearPortFlags
                0x000010f4       0x1e ./source/PORT.o
                0x000010f4                PORT_ClearPortFlags
 .text.SysTick_Handler
                0x00001112       0x16 ./source/SysTick.o
                0x00001112                SysTick_Handler
 .text.demod_init
                0x00001128       0x24 ./source/demod.o
                0x00001128                demod_init
 .text.filter_data
                0x0000114c      0x184 ./source/demod.o
                0x0000114c                filter_data
 .text.add_data
                0x000012d0       0xdc ./source/demod.o
                0x000012d0                add_data
 .text.get_unfiltered_count
                0x000013ac       0x18 ./source/demod.o
                0x000013ac                get_unfiltered_count
 .text.hw_Init  0x000013c4       0xf4 ./source/hardware.o
                0x000013c4                hw_Init
 .text.main     0x000014b8       0xb8 ./source/main.o
                0x000014b8                main
 .text.NVIC_EnableIRQ
                0x00001570       0x34 ./source/uart2.o
 .text.uart_init
                0x000015a4      0x198 ./source/uart2.o
                0x000015a4                uart_init
 .text.uart_set_baudrate
                0x0000173c      0x120 ./source/uart2.o
 .text.uart_load_buffer
                0x0000185c       0x58 ./source/uart2.o
                0x0000185c                uart_load_buffer
 .text.uart_disable_tx_interrupt
                0x000018b4       0x44 ./source/uart2.o
                0x000018b4                uart_disable_tx_interrupt
 .text.uart_enable_tx_interrupt
                0x000018f8       0x44 ./source/uart2.o
                0x000018f8                uart_enable_tx_interrupt
 .text.uart_handle_interrupt
                0x0000193c       0xb8 ./source/uart2.o
 .text.UART0_RX_TX_IRQHandler
                0x000019f4       0x1e ./source/uart2.o
                0x000019f4                UART0_RX_TX_IRQHandler
 .text.UART1_RX_TX_IRQHandler
                0x00001a12       0x1e ./source/uart2.o
                0x00001a12                UART1_RX_TX_IRQHandler
 .text.UART2_RX_TX_IRQHandler
                0x00001a30       0x1e ./source/uart2.o
                0x00001a30                UART2_RX_TX_IRQHandler
 .text.UART3_RX_TX_IRQHandler
                0x00001a4e       0x1e ./source/uart2.o
                0x00001a4e                UART3_RX_TX_IRQHandler
 .text.UART4_RX_TX_IRQHandler
                0x00001a6c       0x1e ./source/uart2.o
                0x00001a6c                UART4_RX_TX_IRQHandler
 *fill*         0x00001a8a        0x2 ff
 .text.SystemInit
                0x00001a8c       0x40 ./CMSIS/system_MK64F12.o
                0x00001a8c                SystemInit
 .text.__main   0x00001acc        0xe C:/nxp/MCUXpressoIDE_11.10.0_3148/ide/plugins/com.nxp.mcuxpresso.tools.win32_11.10.0.202311280810/tools/bin/../lib/gcc/arm-none-eabi/13.2.1/../../../../arm-none-eabi/lib/thumb/v7e-m+fp/hard\libcr_nohost_nf.a(_cr__main.o)
                0x00001acc                __main
 *fill*         0x00001ada        0x2 ff
 .text.malloc   0x00001adc       0xc8 C:/nxp/MCUXpressoIDE_11.10.0_3148/ide/plugins/com.nxp.mcuxpresso.tools.win32_11.10.0.202311280810/tools/bin/../lib/gcc/arm-none-eabi/13.2.1/../../../../arm-none-eabi/lib/thumb/v7e-m+fp/hard\libcr_c.a(alloc.o)
                0x00001adc                malloc
 .text.free     0x00001ba4       0x30 C:/nxp/MCUXpressoIDE_11.10.0_3148/ide/plugins/com.nxp.mcuxpresso.tools.win32_11.10.0.202311280810/tools/bin/../lib/gcc/arm-none-eabi/13.2.1/../../../../arm-none-eabi/lib/thumb/v7e-m+fp/hard\libcr_c.a(alloc.o)
                0x00001ba4                free
 .text._initio  0x00001bd4       0x78 C:/nxp/MCUXpressoIDE_11.10.0_3148/ide/plugins/com.nxp.mcuxpresso.tools.win32_11.10.0.202311280810/tools/bin/../lib/gcc/arm-none-eabi/13.2.1/../../../../arm-none-eabi/lib/thumb/v7e-m+fp/hard\libcr_c.a(initio.o)
                0x00001bd4                _initio
 .text.setvbuf  0x00001c4c       0x3e C:/nxp/MCUXpressoIDE_11.10.0_3148/ide/plugins/com.nxp.mcuxpresso.tools.win32_11.10.0.202311280810/tools/bin/../lib/gcc/arm-none-eabi/13.2.1/../../../../arm-none-eabi/lib/thumb/v7e-m+fp/hard\libcr_c.a(setvbuf.o)
                0x00001c4c                setvbuf
 .text.strlen   0x00001c8a       0x4e C:/nxp/MCUXpressoIDE_11.10.0_3148/ide/plugins/com.nxp.mcuxpresso.tools.win32_11.10.0.202311280810/tools/bin/../lib/gcc/arm-none-eabi/13.2.1/../../../../arm-none-eabi/lib/thumb/v7e-m+fp/hard\libcr_c.a(strlen.o)
                0x00001c8a                strlen
 .text.memset   0x00001cd8        0x4 C:/nxp/MCUXpressoIDE_11.10.0_3148/ide/plugins/com.nxp.mcuxpresso.tools.win32_11.10.0.202311280810/tools/bin/../lib/gcc/arm-none-eabi/13.2.1/../../../../arm-none-eabi/lib/thumb/v7e-m+fp/hard\libcr_c.a(memset.o)
                0x00001cd8                memset
 .text._sbrk    0x00001cdc       0x3c C:/nxp/MCUXpressoIDE_11.10.0_3148/ide/plugins/com.nxp.mcuxpresso.tools.win32_11.10.0.202311280810/tools/bin/../lib/gcc/arm-none-eabi/13.2.1/../../../../arm-none-eabi/lib/thumb/v7e-m+fp/hard\libcr_c.a(_cr_sbrk.o)
                0x00001cdc                _sbrk
 .text._deferredlazyseek
                0x00001d18       0x40 C:/nxp/MCUXpressoIDE_11.10.0_3148/ide/plugins/com.nxp.mcuxpresso.tools.win32_11.10.0.202311280810/tools/bin/../lib/gcc/arm-none-eabi/13.2.1/../../../../arm-none-eabi/lib/thumb/v7e-m+fp/hard\libcr_c.a(_deferredlazyseek.o)
                0x00001d18                _deferredlazyseek
 .text._fdopen  0x00001d58       0x68 C:/nxp/MCUXpressoIDE_11.10.0_3148/ide/plugins/com.nxp.mcuxpresso.tools.win32_11.10.0.202311280810/tools/bin/../lib/gcc/arm-none-eabi/13.2.1/../../../../arm-none-eabi/lib/thumb/v7e-m+fp/hard\libcr_c.a(_fdopen.o)
                0x00001d58                _fdopen
 .text._fflush  0x00001dc0       0x52 C:/nxp/MCUXpressoIDE_11.10.0_3148/ide/plugins/com.nxp.mcuxpresso.tools.win32_11.10.0.202311280810/tools/bin/../lib/gcc/arm-none-eabi/13.2.1/../../../../arm-none-eabi/lib/thumb/v7e-m+fp/hard\libcr_c.a(_fflush.o)
                0x00001dc0                _fflush
 *fill*         0x00001e12        0x2 ff
 .text._Cwritebuf
                0x00001e14       0x6c C:/nxp/MCUXpressoIDE_11.10.0_3148/ide/plugins/com.nxp.mcuxpresso.tools.win32_11.10.0.202311280810/tools/bin/../lib/gcc/arm-none-eabi/13.2.1/../../../../arm-none-eabi/lib/thumb/v7e-m+fp/hard\libcr_c.a(_writebuf.o)
                0x00001e14                _Cwritebuf
 .text.fclose   0x00001e80       0x58 C:/nxp/MCUXpressoIDE_11.10.0_3148/ide/plugins/com.nxp.mcuxpresso.tools.win32_11.10.0.202311280810/tools/bin/../lib/gcc/arm-none-eabi/13.2.1/../../../../arm-none-eabi/lib/thumb/v7e-m+fp/hard\libcr_c.a(fclose.o)
                0x00001e80                fclose
 .text.fflush   0x00001ed8       0x3c C:/nxp/MCUXpressoIDE_11.10.0_3148/ide/plugins/com.nxp.mcuxpresso.tools.win32_11.10.0.202311280810/tools/bin/../lib/gcc/arm-none-eabi/13.2.1/../../../../arm-none-eabi/lib/thumb/v7e-m+fp/hard\libcr_c.a(fflush.o)
                0x00001ed8                fflush
 .text.fseek    0x00001f14       0xf8 C:/nxp/MCUXpressoIDE_11.10.0_3148/ide/plugins/com.nxp.mcuxpresso.tools.win32_11.10.0.202311280810/tools/bin/../lib/gcc/arm-none-eabi/13.2.1/../../../../arm-none-eabi/lib/thumb/v7e-m+fp/hard\libcr_c.a(fseek.o)
                0x00001f14                fseek
 .text.ftell    0x0000200c       0x44 C:/nxp/MCUXpressoIDE_11.10.0_3148/ide/plugins/com.nxp.mcuxpresso.tools.win32_11.10.0.202311280810/tools/bin/../lib/gcc/arm-none-eabi/13.2.1/../../../../arm-none-eabi/lib/thumb/v7e-m+fp/hard\libcr_c.a(ftell.o)
                0x0000200c                ftell
 .text.remove   0x00002050       0x14 C:/nxp/MCUXpressoIDE_11.10.0_3148/ide/plugins/com.nxp.mcuxpresso.tools.win32_11.10.0.202311280810/tools/bin/../lib/gcc/arm-none-eabi/13.2.1/../../../../arm-none-eabi/lib/thumb/v7e-m+fp/hard\libcr_c.a(remove.o)
                0x00002050                remove
 .text.__check_heap_overflow
                0x00002064       0x18 C:/nxp/MCUXpressoIDE_11.10.0_3148/ide/plugins/com.nxp.mcuxpresso.tools.win32_11.10.0.202311280810/tools/bin/../lib/gcc/arm-none-eabi/13.2.1/../../../../arm-none-eabi/lib/thumb/v7e-m+fp/hard\libcr_c.a(_cr_check_heap.o)
                0x00002064                __check_heap_overflow
 .text._do_fflush
                0x0000207c       0x40 C:/nxp/MCUXpressoIDE_11.10.0_3148/ide/plugins/com.nxp.mcuxpresso.tools.win32_11.10.0.202311280810/tools/bin/../lib/gcc/arm-none-eabi/13.2.1/../../../../arm-none-eabi/lib/thumb/v7e-m+fp/hard\libcr_c.a(_do_fflush.o)
                0x0000207c                _do_fflush
 .text.__aeabi_memset_lowlevel
                0x000020bc       0x32 C:/nxp/MCUXpressoIDE_11.10.0_3148/ide/plugins/com.nxp.mcuxpresso.tools.win32_11.10.0.202311280810/tools/bin/../lib/gcc/arm-none-eabi/13.2.1/thumb/v7e-m+fp/hard\libcr_eabihelpers.a(memcpy.o)
                0x000020bc                __aeabi_lowlevel_memset
 .text.__sys_close
                0x000020ee        0x6 C:/nxp/MCUXpressoIDE_11.10.0_3148/ide/plugins/com.nxp.mcuxpresso.tools.win32_11.10.0.202311280810/tools/bin/../lib/gcc/arm-none-eabi/13.2.1/../../../../arm-none-eabi/lib/thumb/v7e-m+fp/hard\libcr_nohost_nf.a(__sys_close.o)
                0x000020ee                __sys_close
 .text.__sys_flen
                0x000020f4        0x6 C:/nxp/MCUXpressoIDE_11.10.0_3148/ide/plugins/com.nxp.mcuxpresso.tools.win32_11.10.0.202311280810/tools/bin/../lib/gcc/arm-none-eabi/13.2.1/../../../../arm-none-eabi/lib/thumb/v7e-m+fp/hard\libcr_nohost_nf.a(__sys_flen.o)
                0x000020f4                __sys_flen
 .text.__sys_istty
                0x000020fa        0x6 C:/nxp/MCUXpressoIDE_11.10.0_3148/ide/plugins/com.nxp.mcuxpresso.tools.win32_11.10.0.202311280810/tools/bin/../lib/gcc/arm-none-eabi/13.2.1/../../../../arm-none-eabi/lib/thumb/v7e-m+fp/hard\libcr_nohost_nf.a(__sys_istty.o)
                0x000020fa                __sys_istty
 .text.__sys_remove
                0x00002100        0x6 C:/nxp/MCUXpressoIDE_11.10.0_3148/ide/plugins/com.nxp.mcuxpresso.tools.win32_11.10.0.202311280810/tools/bin/../lib/gcc/arm-none-eabi/13.2.1/../../../../arm-none-eabi/lib/thumb/v7e-m+fp/hard\libcr_nohost_nf.a(__sys_remove.o)
                0x00002100                __sys_remove
 .text.__sys_seek
                0x00002106        0x6 C:/nxp/MCUXpressoIDE_11.10.0_3148/ide/plugins/com.nxp.mcuxpresso.tools.win32_11.10.0.202311280810/tools/bin/../lib/gcc/arm-none-eabi/13.2.1/../../../../arm-none-eabi/lib/thumb/v7e-m+fp/hard\libcr_nohost_nf.a(__sys_seek.o)
                0x00002106                __sys_seek
 .text.__sys_tmpnam
                0x0000210c        0x6 C:/nxp/MCUXpressoIDE_11.10.0_3148/ide/plugins/com.nxp.mcuxpresso.tools.win32_11.10.0.202311280810/tools/bin/../lib/gcc/arm-none-eabi/13.2.1/../../../../arm-none-eabi/lib/thumb/v7e-m+fp/hard\libcr_nohost_nf.a(__sys_tmpnam.o)
                0x0000210c                __sys_tmpnam
 .text.__sys_write
                0x00002112        0x4 C:/nxp/MCUXpressoIDE_11.10.0_3148/ide/plugins/com.nxp.mcuxpresso.tools.win32_11.10.0.202311280810/tools/bin/../lib/gcc/arm-none-eabi/13.2.1/../../../../arm-none-eabi/lib/thumb/v7e-m+fp/hard\libcr_nohost_nf.a(__sys_write.o)
                0x00002112                __sys_write
 *(.rodata .rodata.* .constdata .constdata.*)
 *fill*         0x00002116        0x2 ff
 .rodata.ports  0x00002118       0x14 ./source/gpio/gpio.o
 .rodata.gpios  0x0000212c       0x14 ./source/gpio/gpio.o
 .rodata.coefs  0x00002140       0x48 ./source/demod.o
 .rodata.main.str1.4
                0x00002188        0xa ./source/main.o
 .rodata._initio.str1.1
                0x00002192        0x4 C:/nxp/MCUXpressoIDE_11.10.0_3148/ide/plugins/com.nxp.mcuxpresso.tools.win32_11.10.0.202311280810/tools/bin/../lib/gcc/arm-none-eabi/13.2.1/../../../../arm-none-eabi/lib/thumb/v7e-m+fp/hard\libcr_c.a(initio.o)
 *fill*         0x00002196        0x2 ff
 .rodata.__num_Ciob_streams
                0x00002198        0x4 C:/nxp/MCUXpressoIDE_11.10.0_3148/ide/plugins/com.nxp.mcuxpresso.tools.win32_11.10.0.202311280810/tools/bin/../lib/gcc/arm-none-eabi/13.2.1/../../../../arm-none-eabi/lib/thumb/v7e-m+fp/hard\libcr_nohost_nf.a(__ciob.o)
                0x00002198                __num_Ciob_streams
                0x000021a0                        . = ALIGN (0x8)
 *fill*         0x0000219c        0x4 ff

.glue_7         0x000021a0        0x0
 .glue_7        0x000021a0        0x0 linker stubs

.glue_7t        0x000021a0        0x0
 .glue_7t       0x000021a0        0x0 linker stubs

.vfp11_veneer   0x000021a0        0x0
 .vfp11_veneer  0x000021a0        0x0 linker stubs

.v4_bx          0x000021a0        0x0
 .v4_bx         0x000021a0        0x0 linker stubs

.iplt           0x000021a0        0x0
 .iplt          0x000021a0        0x0 ./startup/startup_mk64f12.o

.rel.dyn        0x000021a0        0x0
 .rel.iplt      0x000021a0        0x0 ./startup/startup_mk64f12.o

.ARM.extab
 *(.ARM.extab* .gnu.linkonce.armextab.*)

.ARM.exidx      0x000021a0        0x0
                0x000021a0                        __exidx_start = .
 *(.ARM.exidx* .gnu.linkonce.armexidx.*)
                0x000021a0                        __exidx_end = .
                0x000021a0                        _etext = .

.m_usb_data
 *(m_usb_bdt)

.data_RAM2      0x1fff0000        0x0 load address 0x000021a0
 FILL mask 0xff
                [!provide]                        PROVIDE (__start_data_RAM2 = .)
                [!provide]                        PROVIDE (__start_data_SRAM_LOWER = .)
 *(.ramfunc.$RAM2)
 *(.ramfunc.$SRAM_LOWER)
 *(.data.$RAM2)
 *(.data.$SRAM_LOWER)
 *(.data.$RAM2.*)
 *(.data.$SRAM_LOWER.*)
                0x1fff0000                        . = ALIGN (0x8)
                [!provide]                        PROVIDE (__end_data_RAM2 = .)
                [!provide]                        PROVIDE (__end_data_SRAM_LOWER = .)

.data_RAM3      0x14000000        0x0 load address 0x000021a0
 FILL mask 0xff
                [!provide]                        PROVIDE (__start_data_RAM3 = .)
                [!provide]                        PROVIDE (__start_data_FLEX_RAM = .)
 *(.ramfunc.$RAM3)
 *(.ramfunc.$FLEX_RAM)
 *(.data.$RAM3)
 *(.data.$FLEX_RAM)
 *(.data.$RAM3.*)
 *(.data.$FLEX_RAM.*)
                0x14000000                        . = ALIGN (0x8)
                [!provide]                        PROVIDE (__end_data_RAM3 = .)
                [!provide]                        PROVIDE (__end_data_FLEX_RAM = .)

.uninit_RESERVED
                0x20000000        0x0
                0x20000000                        _start_uninit_RESERVED = .
 *(.bss.$RESERVED*)
                0x20000000                        . = ALIGN (0x8)
                0x20000000                        _end_uninit_RESERVED = .

.data           0x20000000       0x50 load address 0x000021a0
 FILL mask 0xff
                0x20000000                        _data = .
                [!provide]                        PROVIDE (__start_data_RAM = .)
                [!provide]                        PROVIDE (__start_data_SRAM_UPPER = .)
 *(vtable)
 *(.ramfunc*)
 *(CodeQuickAccess)
 *(DataQuickAccess)
 *(RamFunction)
 *(.data*)
 .data.uart     0x20000000       0x50 ./source/uart2.o
                0x20000000                uart
                0x20000050                        . = ALIGN (0x8)
                0x20000050                        _edata = .
                [!provide]                        PROVIDE (__end_data_RAM = .)
                [!provide]                        PROVIDE (__end_data_SRAM_UPPER = .)

.igot.plt       0x20000050        0x0 load address 0x000021f0
 .igot.plt      0x20000050        0x0 ./startup/startup_mk64f12.o

.bss_RAM2       0x1fff0000        0x0
                [!provide]                        PROVIDE (__start_bss_RAM2 = .)
                [!provide]                        PROVIDE (__start_bss_SRAM_LOWER = .)
 *(.bss.$RAM2)
 *(.bss.$SRAM_LOWER)
 *(.bss.$RAM2.*)
 *(.bss.$SRAM_LOWER.*)
                0x1fff0000                        . = ALIGN ((. != 0x0)?0x8:0x1)
                [!provide]                        PROVIDE (__end_bss_RAM2 = .)
                [!provide]                        PROVIDE (__end_bss_SRAM_LOWER = .)

.bss_RAM3       0x14000000        0x0
                [!provide]                        PROVIDE (__start_bss_RAM3 = .)
                [!provide]                        PROVIDE (__start_bss_FLEX_RAM = .)
 *(.bss.$RAM3)
 *(.bss.$FLEX_RAM)
 *(.bss.$RAM3.*)
 *(.bss.$FLEX_RAM.*)
                0x14000000                        . = ALIGN ((. != 0x0)?0x8:0x1)
                [!provide]                        PROVIDE (__end_bss_RAM3 = .)
                [!provide]                        PROVIDE (__end_bss_FLEX_RAM = .)

.bss            0x20000050      0x908
                0x20000050                        _bss = .
                [!provide]                        PROVIDE (__start_bss_RAM = .)
                [!provide]                        PROVIDE (__start_bss_SRAM_UPPER = .)
 *(.bss*)
 .bss.flagerr   0x20000050        0x1 ./source/pdb/pdb.o
 *fill*         0x20000051        0x3 
 .bss.handlers  0x20000054      0x280 ./source/gpio/gpio.o
 .bss.clocked   0x200002d4        0x1 ./source/gpio/gpio.o
 *fill*         0x200002d5        0x3 
 .bss.port      0x200002d8        0x4 ./source/gpio/gpio.o
                0x200002d8                port
 .bss.num       0x200002dc        0x4 ./source/gpio/gpio.o
                0x200002dc                num
 .bss.irq_callback
                0x200002e0        0x4 ./source/ADC.o
 .bss.dummy     0x200002e4        0x2 ./source/ADC.o
 .bss.ready     0x200002e6        0x1 ./source/ADC.o
 *fill*         0x200002e7        0x1 
 .bss.raw_inputs
                0x200002e8       0x18 ./source/demod.o
 .bss.write_index_raw
                0x20000300        0x1 ./source/demod.o
 *fill*         0x20000301        0x3 
 .bss.inputs    0x20000304      0x190 ./source/demod.o
 .bss.demod_bitstream
                0x20000494        0x4 ./source/demod.o
 .bss.write_index
                0x20000498        0x1 ./source/demod.o
 .bss.read_index
                0x20000499        0x1 ./source/demod.o
 .bss.demod_write_index
                0x2000049a        0x2 ./source/demod.o
 .bss.current_state
                0x2000049c        0x1 ./source/demod.o
 *fill*         0x2000049d        0x1 
 .bss.unfiltered_data_count
                0x2000049e        0x2 ./source/demod.o
 .bss.cont      0x200004a0        0x4 ./source/main.o
                0x200004a0                cont
 .bss.conf      0x200004a4        0x8 ./source/main.o
                0x200004a4                conf
 .bss.bitstream
                0x200004ac      0x3e8 ./source/main.o
                0x200004ac                bitstream
 .bss.__end_of_heap
                0x20000894        0x4 C:/nxp/MCUXpressoIDE_11.10.0_3148/ide/plugins/com.nxp.mcuxpresso.tools.win32_11.10.0.202311280810/tools/bin/../lib/gcc/arm-none-eabi/13.2.1/../../../../arm-none-eabi/lib/thumb/v7e-m+fp/hard\libcr_c.a(__init_alloc.o)
                0x20000894                __end_of_heap
 .bss.__heaps   0x20000898        0x4 C:/nxp/MCUXpressoIDE_11.10.0_3148/ide/plugins/com.nxp.mcuxpresso.tools.win32_11.10.0.202311280810/tools/bin/../lib/gcc/arm-none-eabi/13.2.1/../../../../arm-none-eabi/lib/thumb/v7e-m+fp/hard\libcr_c.a(__init_alloc.o)
                0x20000898                __heaps
 .bss.errno     0x2000089c        0x4 C:/nxp/MCUXpressoIDE_11.10.0_3148/ide/plugins/com.nxp.mcuxpresso.tools.win32_11.10.0.202311280810/tools/bin/../lib/gcc/arm-none-eabi/13.2.1/../../../../arm-none-eabi/lib/thumb/v7e-m+fp/hard\libcr_c.a(errno.o)
                0x2000089c                errno
 .bss.__Ciob    0x200008a0       0xb4 C:/nxp/MCUXpressoIDE_11.10.0_3148/ide/plugins/com.nxp.mcuxpresso.tools.win32_11.10.0.202311280810/tools/bin/../lib/gcc/arm-none-eabi/13.2.1/../../../../arm-none-eabi/lib/thumb/v7e-m+fp/hard\libcr_nohost_nf.a(__ciob.o)
                0x200008a0                __Ciob
 *(COMMON)
                0x20000958                        . = ALIGN (0x8)
 *fill*         0x20000954        0x4 
                0x20000958                        _ebss = .
                [!provide]                        PROVIDE (__end_bss_RAM = .)
                [!provide]                        PROVIDE (__end_bss_SRAM_UPPER = .)
                [!provide]                        PROVIDE (end = .)

.noinit_RAM2    0x1fff0000        0x0
                [!provide]                        PROVIDE (__start_noinit_RAM2 = .)
                [!provide]                        PROVIDE (__start_noinit_SRAM_LOWER = .)
 *(.noinit.$RAM2)
 *(.noinit.$SRAM_LOWER)
 *(.noinit.$RAM2.*)
 *(.noinit.$SRAM_LOWER.*)
                0x1fff0000                        . = ALIGN (0x8)
                [!provide]                        PROVIDE (__end_noinit_RAM2 = .)
                [!provide]                        PROVIDE (__end_noinit_SRAM_LOWER = .)

.noinit_RAM3    0x14000000        0x0
                [!provide]                        PROVIDE (__start_noinit_RAM3 = .)
                [!provide]                        PROVIDE (__start_noinit_FLEX_RAM = .)
 *(.noinit.$RAM3)
 *(.noinit.$FLEX_RAM)
 *(.noinit.$RAM3.*)
 *(.noinit.$FLEX_RAM.*)
                0x14000000                        . = ALIGN (0x8)
                [!provide]                        PROVIDE (__end_noinit_RAM3 = .)
                [!provide]                        PROVIDE (__end_noinit_FLEX_RAM = .)

.noinit         0x20000958        0x0
                0x20000958                        _noinit = .
                [!provide]                        PROVIDE (__start_noinit_RAM = .)
                [!provide]                        PROVIDE (__start_noinit_SRAM_UPPER = .)
 *(.noinit*)
                0x20000958                        . = ALIGN (0x8)
                0x20000958                        _end_noinit = .
                [!provide]                        PROVIDE (__end_noinit_RAM = .)
                [!provide]                        PROVIDE (__end_noinit_SRAM_UPPER = .)
                0x00001000                        _HeapSize = 0x1000

.heap           0x20000958     0x1000
                0x20000958                        _pvHeapStart = .
                0x20001958                        . = (. + _HeapSize)
 *fill*         0x20000958     0x1000 
                0x20001958                        . = ALIGN (0x8)
                0x20001958                        _pvHeapLimit = .
                0x00001000                        _StackSize = 0x1000

.heap2stackfill
                0x20001958     0x1000
                0x20002958                        . = (. + _StackSize)
 *fill*         0x20001958     0x1000 

.stack          0x2002f000        0x0
                0x2002f000                        _vStackBase = .
                0x2002f000                        . = ALIGN (0x8)
                0x20030000                        _vStackTop = (. + _StackSize)
                0x00000000                        _image_start = LOADADDR (.text)
                0x000021f0                        _image_end = (LOADADDR (.data) + SIZEOF (.data))
                0x000021f0                        _image_size = (_image_end - _image_start)
OUTPUT(ADC.axf elf32-littlearm)
LOAD linker stubs

.debug_info     0x00000000     0xa454
 .debug_info    0x00000000      0xd01 ./startup/startup_mk64f12.o
 .debug_info    0x00000d01      0x274 ./source/utils/circular_buffer.o
 .debug_info    0x00000f75      0x1e7 ./source/serial/serial.o
 .debug_info    0x0000115c      0xa4f ./source/pdb/pdb.o
 .debug_info    0x00001bab      0xba4 ./source/gpio/gpio.o
 .debug_info    0x0000274f      0xc78 ./source/ADC.o
 .debug_info    0x000033c7     0x1162 ./source/FTM.o
 .debug_info    0x00004529      0x2d3 ./source/GPIO.o
 .debug_info    0x000047fc      0xccd ./source/PORT.o
 .debug_info    0x000054c9      0x33f ./source/SysTick.o
 .debug_info    0x00005808      0x288 ./source/demod.o
 .debug_info    0x00005a90      0x6b2 ./source/hardware.o
 .debug_info    0x00006142      0x406 ./source/main.o
 .debug_info    0x00006548      0xd45 ./source/uart2.o
 .debug_info    0x0000728d      0x628 ./CMSIS/system_MK64F12.o
 .debug_info    0x000078b5       0x85 C:/nxp/MCUXpressoIDE_11.10.0_3148/ide/plugins/com.nxp.mcuxpresso.tools.win32_11.10.0.202311280810/tools/bin/../lib/gcc/arm-none-eabi/13.2.1/../../../../arm-none-eabi/lib/thumb/v7e-m+fp/hard\libcr_nohost_nf.a(_cr__main.o)
 .debug_info    0x0000793a      0x520 C:/nxp/MCUXpressoIDE_11.10.0_3148/ide/plugins/com.nxp.mcuxpresso.tools.win32_11.10.0.202311280810/tools/bin/../lib/gcc/arm-none-eabi/13.2.1/../../../../arm-none-eabi/lib/thumb/v7e-m+fp/hard\libcr_c.a(alloc.o)
 .debug_info    0x00007e5a      0x339 C:/nxp/MCUXpressoIDE_11.10.0_3148/ide/plugins/com.nxp.mcuxpresso.tools.win32_11.10.0.202311280810/tools/bin/../lib/gcc/arm-none-eabi/13.2.1/../../../../arm-none-eabi/lib/thumb/v7e-m+fp/hard\libcr_c.a(initio.o)
 .debug_info    0x00008193      0x1fd C:/nxp/MCUXpressoIDE_11.10.0_3148/ide/plugins/com.nxp.mcuxpresso.tools.win32_11.10.0.202311280810/tools/bin/../lib/gcc/arm-none-eabi/13.2.1/../../../../arm-none-eabi/lib/thumb/v7e-m+fp/hard\libcr_c.a(setvbuf.o)
 .debug_info    0x00008390       0xe1 C:/nxp/MCUXpressoIDE_11.10.0_3148/ide/plugins/com.nxp.mcuxpresso.tools.win32_11.10.0.202311280810/tools/bin/../lib/gcc/arm-none-eabi/13.2.1/../../../../arm-none-eabi/lib/thumb/v7e-m+fp/hard\libcr_c.a(strlen.o)
 .debug_info    0x00008471       0xfc C:/nxp/MCUXpressoIDE_11.10.0_3148/ide/plugins/com.nxp.mcuxpresso.tools.win32_11.10.0.202311280810/tools/bin/../lib/gcc/arm-none-eabi/13.2.1/../../../../arm-none-eabi/lib/thumb/v7e-m+fp/hard\libcr_c.a(memset.o)
 .debug_info    0x0000856d       0xd4 C:/nxp/MCUXpressoIDE_11.10.0_3148/ide/plugins/com.nxp.mcuxpresso.tools.win32_11.10.0.202311280810/tools/bin/../lib/gcc/arm-none-eabi/13.2.1/../../../../arm-none-eabi/lib/thumb/v7e-m+fp/hard\libcr_c.a(__init_alloc.o)
 .debug_info    0x00008641      0x107 C:/nxp/MCUXpressoIDE_11.10.0_3148/ide/plugins/com.nxp.mcuxpresso.tools.win32_11.10.0.202311280810/tools/bin/../lib/gcc/arm-none-eabi/13.2.1/../../../../arm-none-eabi/lib/thumb/v7e-m+fp/hard\libcr_c.a(_cr_sbrk.o)
 .debug_info    0x00008748      0x369 C:/nxp/MCUXpressoIDE_11.10.0_3148/ide/plugins/com.nxp.mcuxpresso.tools.win32_11.10.0.202311280810/tools/bin/../lib/gcc/arm-none-eabi/13.2.1/../../../../arm-none-eabi/lib/thumb/v7e-m+fp/hard\libcr_c.a(_deferredlazyseek.o)
 .debug_info    0x00008ab1      0x24b C:/nxp/MCUXpressoIDE_11.10.0_3148/ide/plugins/com.nxp.mcuxpresso.tools.win32_11.10.0.202311280810/tools/bin/../lib/gcc/arm-none-eabi/13.2.1/../../../../arm-none-eabi/lib/thumb/v7e-m+fp/hard\libcr_c.a(_fdopen.o)
 .debug_info    0x00008cfc      0x1e3 C:/nxp/MCUXpressoIDE_11.10.0_3148/ide/plugins/com.nxp.mcuxpresso.tools.win32_11.10.0.202311280810/tools/bin/../lib/gcc/arm-none-eabi/13.2.1/../../../../arm-none-eabi/lib/thumb/v7e-m+fp/hard\libcr_c.a(_fflush.o)
 .debug_info    0x00008edf      0x289 C:/nxp/MCUXpressoIDE_11.10.0_3148/ide/plugins/com.nxp.mcuxpresso.tools.win32_11.10.0.202311280810/tools/bin/../lib/gcc/arm-none-eabi/13.2.1/../../../../arm-none-eabi/lib/thumb/v7e-m+fp/hard\libcr_c.a(_writebuf.o)
 .debug_info    0x00009168       0x44 C:/nxp/MCUXpressoIDE_11.10.0_3148/ide/plugins/com.nxp.mcuxpresso.tools.win32_11.10.0.202311280810/tools/bin/../lib/gcc/arm-none-eabi/13.2.1/../../../../arm-none-eabi/lib/thumb/v7e-m+fp/hard\libcr_c.a(errno.o)
 .debug_info    0x000091ac      0x318 C:/nxp/MCUXpressoIDE_11.10.0_3148/ide/plugins/com.nxp.mcuxpresso.tools.win32_11.10.0.202311280810/tools/bin/../lib/gcc/arm-none-eabi/13.2.1/../../../../arm-none-eabi/lib/thumb/v7e-m+fp/hard\libcr_c.a(fclose.o)
 .debug_info    0x000094c4      0x209 C:/nxp/MCUXpressoIDE_11.10.0_3148/ide/plugins/com.nxp.mcuxpresso.tools.win32_11.10.0.202311280810/tools/bin/../lib/gcc/arm-none-eabi/13.2.1/../../../../arm-none-eabi/lib/thumb/v7e-m+fp/hard\libcr_c.a(fflush.o)
 .debug_info    0x000096cd      0x276 C:/nxp/MCUXpressoIDE_11.10.0_3148/ide/plugins/com.nxp.mcuxpresso.tools.win32_11.10.0.202311280810/tools/bin/../lib/gcc/arm-none-eabi/13.2.1/../../../../arm-none-eabi/lib/thumb/v7e-m+fp/hard\libcr_c.a(fseek.o)
 .debug_info    0x00009943      0x197 C:/nxp/MCUXpressoIDE_11.10.0_3148/ide/plugins/com.nxp.mcuxpresso.tools.win32_11.10.0.202311280810/tools/bin/../lib/gcc/arm-none-eabi/13.2.1/../../../../arm-none-eabi/lib/thumb/v7e-m+fp/hard\libcr_c.a(ftell.o)
 .debug_info    0x00009ada      0x1d7 C:/nxp/MCUXpressoIDE_11.10.0_3148/ide/plugins/com.nxp.mcuxpresso.tools.win32_11.10.0.202311280810/tools/bin/../lib/gcc/arm-none-eabi/13.2.1/../../../../arm-none-eabi/lib/thumb/v7e-m+fp/hard\libcr_c.a(remove.o)
 .debug_info    0x00009cb1       0x78 C:/nxp/MCUXpressoIDE_11.10.0_3148/ide/plugins/com.nxp.mcuxpresso.tools.win32_11.10.0.202311280810/tools/bin/../lib/gcc/arm-none-eabi/13.2.1/../../../../arm-none-eabi/lib/thumb/v7e-m+fp/hard\libcr_c.a(_cr_check_heap.o)
 .debug_info    0x00009d29      0x23a C:/nxp/MCUXpressoIDE_11.10.0_3148/ide/plugins/com.nxp.mcuxpresso.tools.win32_11.10.0.202311280810/tools/bin/../lib/gcc/arm-none-eabi/13.2.1/../../../../arm-none-eabi/lib/thumb/v7e-m+fp/hard\libcr_c.a(_do_fflush.o)
 .debug_info    0x00009f63      0x18b C:/nxp/MCUXpressoIDE_11.10.0_3148/ide/plugins/com.nxp.mcuxpresso.tools.win32_11.10.0.202311280810/tools/bin/../lib/gcc/arm-none-eabi/13.2.1/../../../../arm-none-eabi/lib/thumb/v7e-m+fp/hard\libcr_nohost_nf.a(__ciob.o)
 .debug_info    0x0000a0ee       0x6a C:/nxp/MCUXpressoIDE_11.10.0_3148/ide/plugins/com.nxp.mcuxpresso.tools.win32_11.10.0.202311280810/tools/bin/../lib/gcc/arm-none-eabi/13.2.1/../../../../arm-none-eabi/lib/thumb/v7e-m+fp/hard\libcr_nohost_nf.a(__sys_close.o)
 .debug_info    0x0000a158       0x6a C:/nxp/MCUXpressoIDE_11.10.0_3148/ide/plugins/com.nxp.mcuxpresso.tools.win32_11.10.0.202311280810/tools/bin/../lib/gcc/arm-none-eabi/13.2.1/../../../../arm-none-eabi/lib/thumb/v7e-m+fp/hard\libcr_nohost_nf.a(__sys_flen.o)
 .debug_info    0x0000a1c2       0x6a C:/nxp/MCUXpressoIDE_11.10.0_3148/ide/plugins/com.nxp.mcuxpresso.tools.win32_11.10.0.202311280810/tools/bin/../lib/gcc/arm-none-eabi/13.2.1/../../../../arm-none-eabi/lib/thumb/v7e-m+fp/hard\libcr_nohost_nf.a(__sys_istty.o)
 .debug_info    0x0000a22c       0x8a C:/nxp/MCUXpressoIDE_11.10.0_3148/ide/plugins/com.nxp.mcuxpresso.tools.win32_11.10.0.202311280810/tools/bin/../lib/gcc/arm-none-eabi/13.2.1/../../../../arm-none-eabi/lib/thumb/v7e-m+fp/hard\libcr_nohost_nf.a(__sys_remove.o)
 .debug_info    0x0000a2b6       0x78 C:/nxp/MCUXpressoIDE_11.10.0_3148/ide/plugins/com.nxp.mcuxpresso.tools.win32_11.10.0.202311280810/tools/bin/../lib/gcc/arm-none-eabi/13.2.1/../../../../arm-none-eabi/lib/thumb/v7e-m+fp/hard\libcr_nohost_nf.a(__sys_seek.o)
 .debug_info    0x0000a32e       0x93 C:/nxp/MCUXpressoIDE_11.10.0_3148/ide/plugins/com.nxp.mcuxpresso.tools.win32_11.10.0.202311280810/tools/bin/../lib/gcc/arm-none-eabi/13.2.1/../../../../arm-none-eabi/lib/thumb/v7e-m+fp/hard\libcr_nohost_nf.a(__sys_tmpnam.o)
 .debug_info    0x0000a3c1       0x93 C:/nxp/MCUXpressoIDE_11.10.0_3148/ide/plugins/com.nxp.mcuxpresso.tools.win32_11.10.0.202311280810/tools/bin/../lib/gcc/arm-none-eabi/13.2.1/../../../../arm-none-eabi/lib/thumb/v7e-m+fp/hard\libcr_nohost_nf.a(__sys_write.o)

.debug_abbrev   0x00000000     0x2f8c
 .debug_abbrev  0x00000000      0x17a ./startup/startup_mk64f12.o
 .debug_abbrev  0x0000017a      0x137 ./source/utils/circular_buffer.o
 .debug_abbrev  0x000002b1      0x12a ./source/serial/serial.o
 .debug_abbrev  0x000003db      0x1e7 ./source/pdb/pdb.o
 .debug_abbrev  0x000005c2      0x239 ./source/gpio/gpio.o
 .debug_abbrev  0x000007fb      0x219 ./source/ADC.o
 .debug_abbrev  0x00000a14      0x26b ./source/FTM.o
 .debug_abbrev  0x00000c7f       0xf8 ./source/GPIO.o
 .debug_abbrev  0x00000d77      0x222 ./source/PORT.o
 .debug_abbrev  0x00000f99      0x111 ./source/SysTick.o
 .debug_abbrev  0x000010aa      0x126 ./source/demod.o
 .debug_abbrev  0x000011d0      0x12e ./source/hardware.o
 .debug_abbrev  0x000012fe      0x127 ./source/main.o
 .debug_abbrev  0x00001425      0x2dc ./source/uart2.o
 .debug_abbrev  0x00001701      0x12e ./CMSIS/system_MK64F12.o
 .debug_abbrev  0x0000182f       0x70 C:/nxp/MCUXpressoIDE_11.10.0_3148/ide/plugins/com.nxp.mcuxpresso.tools.win32_11.10.0.202311280810/tools/bin/../lib/gcc/arm-none-eabi/13.2.1/../../../../arm-none-eabi/lib/thumb/v7e-m+fp/hard\libcr_nohost_nf.a(_cr__main.o)
 .debug_abbrev  0x0000189f      0x284 C:/nxp/MCUXpressoIDE_11.10.0_3148/ide/plugins/com.nxp.mcuxpresso.tools.win32_11.10.0.202311280810/tools/bin/../lib/gcc/arm-none-eabi/13.2.1/../../../../arm-none-eabi/lib/thumb/v7e-m+fp/hard\libcr_c.a(alloc.o)
 .debug_abbrev  0x00001b23      0x169 C:/nxp/MCUXpressoIDE_11.10.0_3148/ide/plugins/com.nxp.mcuxpresso.tools.win32_11.10.0.202311280810/tools/bin/../lib/gcc/arm-none-eabi/13.2.1/../../../../arm-none-eabi/lib/thumb/v7e-m+fp/hard\libcr_c.a(initio.o)
 .debug_abbrev  0x00001c8c       0xe1 C:/nxp/MCUXpressoIDE_11.10.0_3148/ide/plugins/com.nxp.mcuxpresso.tools.win32_11.10.0.202311280810/tools/bin/../lib/gcc/arm-none-eabi/13.2.1/../../../../arm-none-eabi/lib/thumb/v7e-m+fp/hard\libcr_c.a(setvbuf.o)
 .debug_abbrev  0x00001d6d       0xa7 C:/nxp/MCUXpressoIDE_11.10.0_3148/ide/plugins/com.nxp.mcuxpresso.tools.win32_11.10.0.202311280810/tools/bin/../lib/gcc/arm-none-eabi/13.2.1/../../../../arm-none-eabi/lib/thumb/v7e-m+fp/hard\libcr_c.a(strlen.o)
 .debug_abbrev  0x00001e14       0xa8 C:/nxp/MCUXpressoIDE_11.10.0_3148/ide/plugins/com.nxp.mcuxpresso.tools.win32_11.10.0.202311280810/tools/bin/../lib/gcc/arm-none-eabi/13.2.1/../../../../arm-none-eabi/lib/thumb/v7e-m+fp/hard\libcr_c.a(memset.o)
 .debug_abbrev  0x00001ebc       0xaf C:/nxp/MCUXpressoIDE_11.10.0_3148/ide/plugins/com.nxp.mcuxpresso.tools.win32_11.10.0.202311280810/tools/bin/../lib/gcc/arm-none-eabi/13.2.1/../../../../arm-none-eabi/lib/thumb/v7e-m+fp/hard\libcr_c.a(__init_alloc.o)
 .debug_abbrev  0x00001f6b       0xd3 C:/nxp/MCUXpressoIDE_11.10.0_3148/ide/plugins/com.nxp.mcuxpresso.tools.win32_11.10.0.202311280810/tools/bin/../lib/gcc/arm-none-eabi/13.2.1/../../../../arm-none-eabi/lib/thumb/v7e-m+fp/hard\libcr_c.a(_cr_sbrk.o)
 .debug_abbrev  0x0000203e      0x152 C:/nxp/MCUXpressoIDE_11.10.0_3148/ide/plugins/com.nxp.mcuxpresso.tools.win32_11.10.0.202311280810/tools/bin/../lib/gcc/arm-none-eabi/13.2.1/../../../../arm-none-eabi/lib/thumb/v7e-m+fp/hard\libcr_c.a(_deferredlazyseek.o)
 .debug_abbrev  0x00002190      0x119 C:/nxp/MCUXpressoIDE_11.10.0_3148/ide/plugins/com.nxp.mcuxpresso.tools.win32_11.10.0.202311280810/tools/bin/../lib/gcc/arm-none-eabi/13.2.1/../../../../arm-none-eabi/lib/thumb/v7e-m+fp/hard\libcr_c.a(_fdopen.o)
 .debug_abbrev  0x000022a9       0xf1 C:/nxp/MCUXpressoIDE_11.10.0_3148/ide/plugins/com.nxp.mcuxpresso.tools.win32_11.10.0.202311280810/tools/bin/../lib/gcc/arm-none-eabi/13.2.1/../../../../arm-none-eabi/lib/thumb/v7e-m+fp/hard\libcr_c.a(_fflush.o)
 .debug_abbrev  0x0000239a      0x126 C:/nxp/MCUXpressoIDE_11.10.0_3148/ide/plugins/com.nxp.mcuxpresso.tools.win32_11.10.0.202311280810/tools/bin/../lib/gcc/arm-none-eabi/13.2.1/../../../../arm-none-eabi/lib/thumb/v7e-m+fp/hard\libcr_c.a(_writebuf.o)
 .debug_abbrev  0x000024c0       0x44 C:/nxp/MCUXpressoIDE_11.10.0_3148/ide/plugins/com.nxp.mcuxpresso.tools.win32_11.10.0.202311280810/tools/bin/../lib/gcc/arm-none-eabi/13.2.1/../../../../arm-none-eabi/lib/thumb/v7e-m+fp/hard\libcr_c.a(errno.o)
 .debug_abbrev  0x00002504      0x155 C:/nxp/MCUXpressoIDE_11.10.0_3148/ide/plugins/com.nxp.mcuxpresso.tools.win32_11.10.0.202311280810/tools/bin/../lib/gcc/arm-none-eabi/13.2.1/../../../../arm-none-eabi/lib/thumb/v7e-m+fp/hard\libcr_c.a(fclose.o)
 .debug_abbrev  0x00002659      0x125 C:/nxp/MCUXpressoIDE_11.10.0_3148/ide/plugins/com.nxp.mcuxpresso.tools.win32_11.10.0.202311280810/tools/bin/../lib/gcc/arm-none-eabi/13.2.1/../../../../arm-none-eabi/lib/thumb/v7e-m+fp/hard\libcr_c.a(fflush.o)
 .debug_abbrev  0x0000277e      0x11b C:/nxp/MCUXpressoIDE_11.10.0_3148/ide/plugins/com.nxp.mcuxpresso.tools.win32_11.10.0.202311280810/tools/bin/../lib/gcc/arm-none-eabi/13.2.1/../../../../arm-none-eabi/lib/thumb/v7e-m+fp/hard\libcr_c.a(fseek.o)
 .debug_abbrev  0x00002899       0xc2 C:/nxp/MCUXpressoIDE_11.10.0_3148/ide/plugins/com.nxp.mcuxpresso.tools.win32_11.10.0.202311280810/tools/bin/../lib/gcc/arm-none-eabi/13.2.1/../../../../arm-none-eabi/lib/thumb/v7e-m+fp/hard\libcr_c.a(ftell.o)
 .debug_abbrev  0x0000295b       0xfb C:/nxp/MCUXpressoIDE_11.10.0_3148/ide/plugins/com.nxp.mcuxpresso.tools.win32_11.10.0.202311280810/tools/bin/../lib/gcc/arm-none-eabi/13.2.1/../../../../arm-none-eabi/lib/thumb/v7e-m+fp/hard\libcr_c.a(remove.o)
 .debug_abbrev  0x00002a56       0x6b C:/nxp/MCUXpressoIDE_11.10.0_3148/ide/plugins/com.nxp.mcuxpresso.tools.win32_11.10.0.202311280810/tools/bin/../lib/gcc/arm-none-eabi/13.2.1/../../../../arm-none-eabi/lib/thumb/v7e-m+fp/hard\libcr_c.a(_cr_check_heap.o)
 .debug_abbrev  0x00002ac1      0x12c C:/nxp/MCUXpressoIDE_11.10.0_3148/ide/plugins/com.nxp.mcuxpresso.tools.win32_11.10.0.202311280810/tools/bin/../lib/gcc/arm-none-eabi/13.2.1/../../../../arm-none-eabi/lib/thumb/v7e-m+fp/hard\libcr_c.a(_do_fflush.o)
 .debug_abbrev  0x00002bed       0xb5 C:/nxp/MCUXpressoIDE_11.10.0_3148/ide/plugins/com.nxp.mcuxpresso.tools.win32_11.10.0.202311280810/tools/bin/../lib/gcc/arm-none-eabi/13.2.1/../../../../arm-none-eabi/lib/thumb/v7e-m+fp/hard\libcr_nohost_nf.a(__ciob.o)
 .debug_abbrev  0x00002ca2       0x5c C:/nxp/MCUXpressoIDE_11.10.0_3148/ide/plugins/com.nxp.mcuxpresso.tools.win32_11.10.0.202311280810/tools/bin/../lib/gcc/arm-none-eabi/13.2.1/../../../../arm-none-eabi/lib/thumb/v7e-m+fp/hard\libcr_nohost_nf.a(__sys_close.o)
 .debug_abbrev  0x00002cfe       0x5c C:/nxp/MCUXpressoIDE_11.10.0_3148/ide/plugins/com.nxp.mcuxpresso.tools.win32_11.10.0.202311280810/tools/bin/../lib/gcc/arm-none-eabi/13.2.1/../../../../arm-none-eabi/lib/thumb/v7e-m+fp/hard\libcr_nohost_nf.a(__sys_flen.o)
 .debug_abbrev  0x00002d5a       0x5c C:/nxp/MCUXpressoIDE_11.10.0_3148/ide/plugins/com.nxp.mcuxpresso.tools.win32_11.10.0.202311280810/tools/bin/../lib/gcc/arm-none-eabi/13.2.1/../../../../arm-none-eabi/lib/thumb/v7e-m+fp/hard\libcr_nohost_nf.a(__sys_istty.o)
 .debug_abbrev  0x00002db6       0x7d C:/nxp/MCUXpressoIDE_11.10.0_3148/ide/plugins/com.nxp.mcuxpresso.tools.win32_11.10.0.202311280810/tools/bin/../lib/gcc/arm-none-eabi/13.2.1/../../../../arm-none-eabi/lib/thumb/v7e-m+fp/hard\libcr_nohost_nf.a(__sys_remove.o)
 .debug_abbrev  0x00002e33       0x6d C:/nxp/MCUXpressoIDE_11.10.0_3148/ide/plugins/com.nxp.mcuxpresso.tools.win32_11.10.0.202311280810/tools/bin/../lib/gcc/arm-none-eabi/13.2.1/../../../../arm-none-eabi/lib/thumb/v7e-m+fp/hard\libcr_nohost_nf.a(__sys_seek.o)
 .debug_abbrev  0x00002ea0       0x76 C:/nxp/MCUXpressoIDE_11.10.0_3148/ide/plugins/com.nxp.mcuxpresso.tools.win32_11.10.0.202311280810/tools/bin/../lib/gcc/arm-none-eabi/13.2.1/../../../../arm-none-eabi/lib/thumb/v7e-m+fp/hard\libcr_nohost_nf.a(__sys_tmpnam.o)
 .debug_abbrev  0x00002f16       0x76 C:/nxp/MCUXpressoIDE_11.10.0_3148/ide/plugins/com.nxp.mcuxpresso.tools.win32_11.10.0.202311280810/tools/bin/../lib/gcc/arm-none-eabi/13.2.1/../../../../arm-none-eabi/lib/thumb/v7e-m+fp/hard\libcr_nohost_nf.a(__sys_write.o)

.debug_loc      0x00000000     0x1844
 .debug_loc     0x00000000      0x1f9 ./startup/startup_mk64f12.o
 .debug_loc     0x000001f9      0x8a8 C:/nxp/MCUXpressoIDE_11.10.0_3148/ide/plugins/com.nxp.mcuxpresso.tools.win32_11.10.0.202311280810/tools/bin/../lib/gcc/arm-none-eabi/13.2.1/../../../../arm-none-eabi/lib/thumb/v7e-m+fp/hard\libcr_c.a(alloc.o)
 .debug_loc     0x00000aa1       0x68 C:/nxp/MCUXpressoIDE_11.10.0_3148/ide/plugins/com.nxp.mcuxpresso.tools.win32_11.10.0.202311280810/tools/bin/../lib/gcc/arm-none-eabi/13.2.1/../../../../arm-none-eabi/lib/thumb/v7e-m+fp/hard\libcr_c.a(initio.o)
 .debug_loc     0x00000b09      0x108 C:/nxp/MCUXpressoIDE_11.10.0_3148/ide/plugins/com.nxp.mcuxpresso.tools.win32_11.10.0.202311280810/tools/bin/../lib/gcc/arm-none-eabi/13.2.1/../../../../arm-none-eabi/lib/thumb/v7e-m+fp/hard\libcr_c.a(setvbuf.o)
 .debug_loc     0x00000c11       0xe1 C:/nxp/MCUXpressoIDE_11.10.0_3148/ide/plugins/com.nxp.mcuxpresso.tools.win32_11.10.0.202311280810/tools/bin/../lib/gcc/arm-none-eabi/13.2.1/../../../../arm-none-eabi/lib/thumb/v7e-m+fp/hard\libcr_c.a(strlen.o)
 .debug_loc     0x00000cf2       0x81 C:/nxp/MCUXpressoIDE_11.10.0_3148/ide/plugins/com.nxp.mcuxpresso.tools.win32_11.10.0.202311280810/tools/bin/../lib/gcc/arm-none-eabi/13.2.1/../../../../arm-none-eabi/lib/thumb/v7e-m+fp/hard\libcr_c.a(memset.o)
 .debug_loc     0x00000d73       0x62 C:/nxp/MCUXpressoIDE_11.10.0_3148/ide/plugins/com.nxp.mcuxpresso.tools.win32_11.10.0.202311280810/tools/bin/../lib/gcc/arm-none-eabi/13.2.1/../../../../arm-none-eabi/lib/thumb/v7e-m+fp/hard\libcr_c.a(_cr_sbrk.o)
 .debug_loc     0x00000dd5      0x18f C:/nxp/MCUXpressoIDE_11.10.0_3148/ide/plugins/com.nxp.mcuxpresso.tools.win32_11.10.0.202311280810/tools/bin/../lib/gcc/arm-none-eabi/13.2.1/../../../../arm-none-eabi/lib/thumb/v7e-m+fp/hard\libcr_c.a(_deferredlazyseek.o)
 .debug_loc     0x00000f64      0x12d C:/nxp/MCUXpressoIDE_11.10.0_3148/ide/plugins/com.nxp.mcuxpresso.tools.win32_11.10.0.202311280810/tools/bin/../lib/gcc/arm-none-eabi/13.2.1/../../../../arm-none-eabi/lib/thumb/v7e-m+fp/hard\libcr_c.a(_fdopen.o)
 .debug_loc     0x00001091       0xfa C:/nxp/MCUXpressoIDE_11.10.0_3148/ide/plugins/com.nxp.mcuxpresso.tools.win32_11.10.0.202311280810/tools/bin/../lib/gcc/arm-none-eabi/13.2.1/../../../../arm-none-eabi/lib/thumb/v7e-m+fp/hard\libcr_c.a(_fflush.o)
 .debug_loc     0x0000118b      0x12b C:/nxp/MCUXpressoIDE_11.10.0_3148/ide/plugins/com.nxp.mcuxpresso.tools.win32_11.10.0.202311280810/tools/bin/../lib/gcc/arm-none-eabi/13.2.1/../../../../arm-none-eabi/lib/thumb/v7e-m+fp/hard\libcr_c.a(_writebuf.o)
 .debug_loc     0x000012b6       0x73 C:/nxp/MCUXpressoIDE_11.10.0_3148/ide/plugins/com.nxp.mcuxpresso.tools.win32_11.10.0.202311280810/tools/bin/../lib/gcc/arm-none-eabi/13.2.1/../../../../arm-none-eabi/lib/thumb/v7e-m+fp/hard\libcr_c.a(fclose.o)
 .debug_loc     0x00001329       0xae C:/nxp/MCUXpressoIDE_11.10.0_3148/ide/plugins/com.nxp.mcuxpresso.tools.win32_11.10.0.202311280810/tools/bin/../lib/gcc/arm-none-eabi/13.2.1/../../../../arm-none-eabi/lib/thumb/v7e-m+fp/hard\libcr_c.a(fflush.o)
 .debug_loc     0x000013d7       0xfb C:/nxp/MCUXpressoIDE_11.10.0_3148/ide/plugins/com.nxp.mcuxpresso.tools.win32_11.10.0.202311280810/tools/bin/../lib/gcc/arm-none-eabi/13.2.1/../../../../arm-none-eabi/lib/thumb/v7e-m+fp/hard\libcr_c.a(fseek.o)
 .debug_loc     0x000014d2       0xb7 C:/nxp/MCUXpressoIDE_11.10.0_3148/ide/plugins/com.nxp.mcuxpresso.tools.win32_11.10.0.202311280810/tools/bin/../lib/gcc/arm-none-eabi/13.2.1/../../../../arm-none-eabi/lib/thumb/v7e-m+fp/hard\libcr_c.a(ftell.o)
 .debug_loc     0x00001589       0xcd C:/nxp/MCUXpressoIDE_11.10.0_3148/ide/plugins/com.nxp.mcuxpresso.tools.win32_11.10.0.202311280810/tools/bin/../lib/gcc/arm-none-eabi/13.2.1/../../../../arm-none-eabi/lib/thumb/v7e-m+fp/hard\libcr_c.a(remove.o)
 .debug_loc     0x00001656       0x4e C:/nxp/MCUXpressoIDE_11.10.0_3148/ide/plugins/com.nxp.mcuxpresso.tools.win32_11.10.0.202311280810/tools/bin/../lib/gcc/arm-none-eabi/13.2.1/../../../../arm-none-eabi/lib/thumb/v7e-m+fp/hard\libcr_c.a(_cr_check_heap.o)
 .debug_loc     0x000016a4       0x73 C:/nxp/MCUXpressoIDE_11.10.0_3148/ide/plugins/com.nxp.mcuxpresso.tools.win32_11.10.0.202311280810/tools/bin/../lib/gcc/arm-none-eabi/13.2.1/../../../../arm-none-eabi/lib/thumb/v7e-m+fp/hard\libcr_c.a(_do_fflush.o)
 .debug_loc     0x00001717       0x2b C:/nxp/MCUXpressoIDE_11.10.0_3148/ide/plugins/com.nxp.mcuxpresso.tools.win32_11.10.0.202311280810/tools/bin/../lib/gcc/arm-none-eabi/13.2.1/../../../../arm-none-eabi/lib/thumb/v7e-m+fp/hard\libcr_nohost_nf.a(__sys_close.o)
 .debug_loc     0x00001742       0x2b C:/nxp/MCUXpressoIDE_11.10.0_3148/ide/plugins/com.nxp.mcuxpresso.tools.win32_11.10.0.202311280810/tools/bin/../lib/gcc/arm-none-eabi/13.2.1/../../../../arm-none-eabi/lib/thumb/v7e-m+fp/hard\libcr_nohost_nf.a(__sys_flen.o)
 .debug_loc     0x0000176d       0x2b C:/nxp/MCUXpressoIDE_11.10.0_3148/ide/plugins/com.nxp.mcuxpresso.tools.win32_11.10.0.202311280810/tools/bin/../lib/gcc/arm-none-eabi/13.2.1/../../../../arm-none-eabi/lib/thumb/v7e-m+fp/hard\libcr_nohost_nf.a(__sys_istty.o)
 .debug_loc     0x00001798       0x2b C:/nxp/MCUXpressoIDE_11.10.0_3148/ide/plugins/com.nxp.mcuxpresso.tools.win32_11.10.0.202311280810/tools/bin/../lib/gcc/arm-none-eabi/13.2.1/../../../../arm-none-eabi/lib/thumb/v7e-m+fp/hard\libcr_nohost_nf.a(__sys_remove.o)
 .debug_loc     0x000017c3       0x2b C:/nxp/MCUXpressoIDE_11.10.0_3148/ide/plugins/com.nxp.mcuxpresso.tools.win32_11.10.0.202311280810/tools/bin/../lib/gcc/arm-none-eabi/13.2.1/../../../../arm-none-eabi/lib/thumb/v7e-m+fp/hard\libcr_nohost_nf.a(__sys_seek.o)
 .debug_loc     0x000017ee       0x2b C:/nxp/MCUXpressoIDE_11.10.0_3148/ide/plugins/com.nxp.mcuxpresso.tools.win32_11.10.0.202311280810/tools/bin/../lib/gcc/arm-none-eabi/13.2.1/../../../../arm-none-eabi/lib/thumb/v7e-m+fp/hard\libcr_nohost_nf.a(__sys_tmpnam.o)
 .debug_loc     0x00001819       0x2b C:/nxp/MCUXpressoIDE_11.10.0_3148/ide/plugins/com.nxp.mcuxpresso.tools.win32_11.10.0.202311280810/tools/bin/../lib/gcc/arm-none-eabi/13.2.1/../../../../arm-none-eabi/lib/thumb/v7e-m+fp/hard\libcr_nohost_nf.a(__sys_write.o)

.debug_aranges  0x00000000      0xbf8
 .debug_aranges
                0x00000000      0x330 ./startup/startup_mk64f12.o
 .debug_aranges
                0x00000330       0x50 ./source/utils/circular_buffer.o
 .debug_aranges
                0x00000380       0x30 ./source/serial/serial.o
 .debug_aranges
                0x000003b0       0x40 ./source/pdb/pdb.o
 .debug_aranges
                0x000003f0       0x70 ./source/gpio/gpio.o
 .debug_aranges
                0x00000460       0xa0 ./source/ADC.o
 .debug_aranges
                0x00000500       0xe8 ./source/FTM.o
 .debug_aranges
                0x000005e8       0x58 ./source/GPIO.o
 .debug_aranges
                0x00000640       0x98 ./source/PORT.o
 .debug_aranges
                0x000006d8       0x30 ./source/SysTick.o
 .debug_aranges
                0x00000708       0x38 ./source/demod.o
 .debug_aranges
                0x00000740       0x30 ./source/hardware.o
 .debug_aranges
                0x00000770       0x20 ./source/main.o
 .debug_aranges
                0x00000790       0x98 ./source/uart2.o
 .debug_aranges
                0x00000828       0x28 ./CMSIS/system_MK64F12.o
 .debug_aranges
                0x00000850       0x20 C:/nxp/MCUXpressoIDE_11.10.0_3148/ide/plugins/com.nxp.mcuxpresso.tools.win32_11.10.0.202311280810/tools/bin/../lib/gcc/arm-none-eabi/13.2.1/../../../../arm-none-eabi/lib/thumb/v7e-m+fp/hard\libcr_nohost_nf.a(_cr__main.o)
 .debug_aranges
                0x00000870       0x40 C:/nxp/MCUXpressoIDE_11.10.0_3148/ide/plugins/com.nxp.mcuxpresso.tools.win32_11.10.0.202311280810/tools/bin/../lib/gcc/arm-none-eabi/13.2.1/../../../../arm-none-eabi/lib/thumb/v7e-m+fp/hard\libcr_c.a(alloc.o)
 .debug_aranges
                0x000008b0       0x28 C:/nxp/MCUXpressoIDE_11.10.0_3148/ide/plugins/com.nxp.mcuxpresso.tools.win32_11.10.0.202311280810/tools/bin/../lib/gcc/arm-none-eabi/13.2.1/../../../../arm-none-eabi/lib/thumb/v7e-m+fp/hard\libcr_c.a(initio.o)
 .debug_aranges
                0x000008d8       0x20 C:/nxp/MCUXpressoIDE_11.10.0_3148/ide/plugins/com.nxp.mcuxpresso.tools.win32_11.10.0.202311280810/tools/bin/../lib/gcc/arm-none-eabi/13.2.1/../../../../arm-none-eabi/lib/thumb/v7e-m+fp/hard\libcr_c.a(setvbuf.o)
 .debug_aranges
                0x000008f8       0x20 C:/nxp/MCUXpressoIDE_11.10.0_3148/ide/plugins/com.nxp.mcuxpresso.tools.win32_11.10.0.202311280810/tools/bin/../lib/gcc/arm-none-eabi/13.2.1/../../../../arm-none-eabi/lib/thumb/v7e-m+fp/hard\libcr_c.a(strlen.o)
 .debug_aranges
                0x00000918       0x20 C:/nxp/MCUXpressoIDE_11.10.0_3148/ide/plugins/com.nxp.mcuxpresso.tools.win32_11.10.0.202311280810/tools/bin/../lib/gcc/arm-none-eabi/13.2.1/../../../../arm-none-eabi/lib/thumb/v7e-m+fp/hard\libcr_c.a(memset.o)
 .debug_aranges
                0x00000938       0x20 C:/nxp/MCUXpressoIDE_11.10.0_3148/ide/plugins/com.nxp.mcuxpresso.tools.win32_11.10.0.202311280810/tools/bin/../lib/gcc/arm-none-eabi/13.2.1/../../../../arm-none-eabi/lib/thumb/v7e-m+fp/hard\libcr_c.a(__init_alloc.o)
 .debug_aranges
                0x00000958       0x20 C:/nxp/MCUXpressoIDE_11.10.0_3148/ide/plugins/com.nxp.mcuxpresso.tools.win32_11.10.0.202311280810/tools/bin/../lib/gcc/arm-none-eabi/13.2.1/../../../../arm-none-eabi/lib/thumb/v7e-m+fp/hard\libcr_c.a(_cr_sbrk.o)
 .debug_aranges
                0x00000978       0x28 C:/nxp/MCUXpressoIDE_11.10.0_3148/ide/plugins/com.nxp.mcuxpresso.tools.win32_11.10.0.202311280810/tools/bin/../lib/gcc/arm-none-eabi/13.2.1/../../../../arm-none-eabi/lib/thumb/v7e-m+fp/hard\libcr_c.a(_deferredlazyseek.o)
 .debug_aranges
                0x000009a0       0x20 C:/nxp/MCUXpressoIDE_11.10.0_3148/ide/plugins/com.nxp.mcuxpresso.tools.win32_11.10.0.202311280810/tools/bin/../lib/gcc/arm-none-eabi/13.2.1/../../../../arm-none-eabi/lib/thumb/v7e-m+fp/hard\libcr_c.a(_fdopen.o)
 .debug_aranges
                0x000009c0       0x20 C:/nxp/MCUXpressoIDE_11.10.0_3148/ide/plugins/com.nxp.mcuxpresso.tools.win32_11.10.0.202311280810/tools/bin/../lib/gcc/arm-none-eabi/13.2.1/../../../../arm-none-eabi/lib/thumb/v7e-m+fp/hard\libcr_c.a(_fflush.o)
 .debug_aranges
                0x000009e0       0x20 C:/nxp/MCUXpressoIDE_11.10.0_3148/ide/plugins/com.nxp.mcuxpresso.tools.win32_11.10.0.202311280810/tools/bin/../lib/gcc/arm-none-eabi/13.2.1/../../../../arm-none-eabi/lib/thumb/v7e-m+fp/hard\libcr_c.a(_writebuf.o)
 .debug_aranges
                0x00000a00       0x18 C:/nxp/MCUXpressoIDE_11.10.0_3148/ide/plugins/com.nxp.mcuxpresso.tools.win32_11.10.0.202311280810/tools/bin/../lib/gcc/arm-none-eabi/13.2.1/../../../../arm-none-eabi/lib/thumb/v7e-m+fp/hard\libcr_c.a(errno.o)
 .debug_aranges
                0x00000a18       0x20 C:/nxp/MCUXpressoIDE_11.10.0_3148/ide/plugins/com.nxp.mcuxpresso.tools.win32_11.10.0.202311280810/tools/bin/../lib/gcc/arm-none-eabi/13.2.1/../../../../arm-none-eabi/lib/thumb/v7e-m+fp/hard\libcr_c.a(fclose.o)
 .debug_aranges
                0x00000a38       0x20 C:/nxp/MCUXpressoIDE_11.10.0_3148/ide/plugins/com.nxp.mcuxpresso.tools.win32_11.10.0.202311280810/tools/bin/../lib/gcc/arm-none-eabi/13.2.1/../../../../arm-none-eabi/lib/thumb/v7e-m+fp/hard\libcr_c.a(fflush.o)
 .debug_aranges
                0x00000a58       0x20 C:/nxp/MCUXpressoIDE_11.10.0_3148/ide/plugins/com.nxp.mcuxpresso.tools.win32_11.10.0.202311280810/tools/bin/../lib/gcc/arm-none-eabi/13.2.1/../../../../arm-none-eabi/lib/thumb/v7e-m+fp/hard\libcr_c.a(fseek.o)
 .debug_aranges
                0x00000a78       0x20 C:/nxp/MCUXpressoIDE_11.10.0_3148/ide/plugins/com.nxp.mcuxpresso.tools.win32_11.10.0.202311280810/tools/bin/../lib/gcc/arm-none-eabi/13.2.1/../../../../arm-none-eabi/lib/thumb/v7e-m+fp/hard\libcr_c.a(ftell.o)
 .debug_aranges
                0x00000a98       0x28 C:/nxp/MCUXpressoIDE_11.10.0_3148/ide/plugins/com.nxp.mcuxpresso.tools.win32_11.10.0.202311280810/tools/bin/../lib/gcc/arm-none-eabi/13.2.1/../../../../arm-none-eabi/lib/thumb/v7e-m+fp/hard\libcr_c.a(remove.o)
 .debug_aranges
                0x00000ac0       0x20 C:/nxp/MCUXpressoIDE_11.10.0_3148/ide/plugins/com.nxp.mcuxpresso.tools.win32_11.10.0.202311280810/tools/bin/../lib/gcc/arm-none-eabi/13.2.1/../../../../arm-none-eabi/lib/thumb/v7e-m+fp/hard\libcr_c.a(_cr_check_heap.o)
 .debug_aranges
                0x00000ae0       0x20 C:/nxp/MCUXpressoIDE_11.10.0_3148/ide/plugins/com.nxp.mcuxpresso.tools.win32_11.10.0.202311280810/tools/bin/../lib/gcc/arm-none-eabi/13.2.1/../../../../arm-none-eabi/lib/thumb/v7e-m+fp/hard\libcr_c.a(_do_fflush.o)
 .debug_aranges
                0x00000b00       0x18 C:/nxp/MCUXpressoIDE_11.10.0_3148/ide/plugins/com.nxp.mcuxpresso.tools.win32_11.10.0.202311280810/tools/bin/../lib/gcc/arm-none-eabi/13.2.1/../../../../arm-none-eabi/lib/thumb/v7e-m+fp/hard\libcr_nohost_nf.a(__ciob.o)
 .debug_aranges
                0x00000b18       0x20 C:/nxp/MCUXpressoIDE_11.10.0_3148/ide/plugins/com.nxp.mcuxpresso.tools.win32_11.10.0.202311280810/tools/bin/../lib/gcc/arm-none-eabi/13.2.1/../../../../arm-none-eabi/lib/thumb/v7e-m+fp/hard\libcr_nohost_nf.a(__sys_close.o)
 .debug_aranges
                0x00000b38       0x20 C:/nxp/MCUXpressoIDE_11.10.0_3148/ide/plugins/com.nxp.mcuxpresso.tools.win32_11.10.0.202311280810/tools/bin/../lib/gcc/arm-none-eabi/13.2.1/../../../../arm-none-eabi/lib/thumb/v7e-m+fp/hard\libcr_nohost_nf.a(__sys_flen.o)
 .debug_aranges
                0x00000b58       0x20 C:/nxp/MCUXpressoIDE_11.10.0_3148/ide/plugins/com.nxp.mcuxpresso.tools.win32_11.10.0.202311280810/tools/bin/../lib/gcc/arm-none-eabi/13.2.1/../../../../arm-none-eabi/lib/thumb/v7e-m+fp/hard\libcr_nohost_nf.a(__sys_istty.o)
 .debug_aranges
                0x00000b78       0x20 C:/nxp/MCUXpressoIDE_11.10.0_3148/ide/plugins/com.nxp.mcuxpresso.tools.win32_11.10.0.202311280810/tools/bin/../lib/gcc/arm-none-eabi/13.2.1/../../../../arm-none-eabi/lib/thumb/v7e-m+fp/hard\libcr_nohost_nf.a(__sys_remove.o)
 .debug_aranges
                0x00000b98       0x20 C:/nxp/MCUXpressoIDE_11.10.0_3148/ide/plugins/com.nxp.mcuxpresso.tools.win32_11.10.0.202311280810/tools/bin/../lib/gcc/arm-none-eabi/13.2.1/../../../../arm-none-eabi/lib/thumb/v7e-m+fp/hard\libcr_nohost_nf.a(__sys_seek.o)
 .debug_aranges
                0x00000bb8       0x20 C:/nxp/MCUXpressoIDE_11.10.0_3148/ide/plugins/com.nxp.mcuxpresso.tools.win32_11.10.0.202311280810/tools/bin/../lib/gcc/arm-none-eabi/13.2.1/../../../../arm-none-eabi/lib/thumb/v7e-m+fp/hard\libcr_nohost_nf.a(__sys_tmpnam.o)
 .debug_aranges
                0x00000bd8       0x20 C:/nxp/MCUXpressoIDE_11.10.0_3148/ide/plugins/com.nxp.mcuxpresso.tools.win32_11.10.0.202311280810/tools/bin/../lib/gcc/arm-none-eabi/13.2.1/../../../../arm-none-eabi/lib/thumb/v7e-m+fp/hard\libcr_nohost_nf.a(__sys_write.o)

.debug_ranges   0x00000000      0x9a0
 .debug_ranges  0x00000000      0x320 ./startup/startup_mk64f12.o
 .debug_ranges  0x00000320       0x40 ./source/utils/circular_buffer.o
 .debug_ranges  0x00000360       0x20 ./source/serial/serial.o
 .debug_ranges  0x00000380       0x30 ./source/pdb/pdb.o
 .debug_ranges  0x000003b0       0x60 ./source/gpio/gpio.o
 .debug_ranges  0x00000410       0x90 ./source/ADC.o
 .debug_ranges  0x000004a0       0xd8 ./source/FTM.o
 .debug_ranges  0x00000578       0x48 ./source/GPIO.o
 .debug_ranges  0x000005c0       0x88 ./source/PORT.o
 .debug_ranges  0x00000648       0x20 ./source/SysTick.o
 .debug_ranges  0x00000668       0x28 ./source/demod.o
 .debug_ranges  0x00000690       0x20 ./source/hardware.o
 .debug_ranges  0x000006b0       0x10 ./source/main.o
 .debug_ranges  0x000006c0       0x88 ./source/uart2.o
 .debug_ranges  0x00000748       0x18 ./CMSIS/system_MK64F12.o
 .debug_ranges  0x00000760       0x10 C:/nxp/MCUXpressoIDE_11.10.0_3148/ide/plugins/com.nxp.mcuxpresso.tools.win32_11.10.0.202311280810/tools/bin/../lib/gcc/arm-none-eabi/13.2.1/../../../../arm-none-eabi/lib/thumb/v7e-m+fp/hard\libcr_nohost_nf.a(_cr__main.o)
 .debug_ranges  0x00000770       0x48 C:/nxp/MCUXpressoIDE_11.10.0_3148/ide/plugins/com.nxp.mcuxpresso.tools.win32_11.10.0.202311280810/tools/bin/../lib/gcc/arm-none-eabi/13.2.1/../../../../arm-none-eabi/lib/thumb/v7e-m+fp/hard\libcr_c.a(alloc.o)
 .debug_ranges  0x000007b8       0x18 C:/nxp/MCUXpressoIDE_11.10.0_3148/ide/plugins/com.nxp.mcuxpresso.tools.win32_11.10.0.202311280810/tools/bin/../lib/gcc/arm-none-eabi/13.2.1/../../../../arm-none-eabi/lib/thumb/v7e-m+fp/hard\libcr_c.a(initio.o)
 .debug_ranges  0x000007d0       0x10 C:/nxp/MCUXpressoIDE_11.10.0_3148/ide/plugins/com.nxp.mcuxpresso.tools.win32_11.10.0.202311280810/tools/bin/../lib/gcc/arm-none-eabi/13.2.1/../../../../arm-none-eabi/lib/thumb/v7e-m+fp/hard\libcr_c.a(setvbuf.o)
 .debug_ranges  0x000007e0       0x10 C:/nxp/MCUXpressoIDE_11.10.0_3148/ide/plugins/com.nxp.mcuxpresso.tools.win32_11.10.0.202311280810/tools/bin/../lib/gcc/arm-none-eabi/13.2.1/../../../../arm-none-eabi/lib/thumb/v7e-m+fp/hard\libcr_c.a(strlen.o)
 .debug_ranges  0x000007f0       0x10 C:/nxp/MCUXpressoIDE_11.10.0_3148/ide/plugins/com.nxp.mcuxpresso.tools.win32_11.10.0.202311280810/tools/bin/../lib/gcc/arm-none-eabi/13.2.1/../../../../arm-none-eabi/lib/thumb/v7e-m+fp/hard\libcr_c.a(memset.o)
 .debug_ranges  0x00000800       0x10 C:/nxp/MCUXpressoIDE_11.10.0_3148/ide/plugins/com.nxp.mcuxpresso.tools.win32_11.10.0.202311280810/tools/bin/../lib/gcc/arm-none-eabi/13.2.1/../../../../arm-none-eabi/lib/thumb/v7e-m+fp/hard\libcr_c.a(__init_alloc.o)
 .debug_ranges  0x00000810       0x10 C:/nxp/MCUXpressoIDE_11.10.0_3148/ide/plugins/com.nxp.mcuxpresso.tools.win32_11.10.0.202311280810/tools/bin/../lib/gcc/arm-none-eabi/13.2.1/../../../../arm-none-eabi/lib/thumb/v7e-m+fp/hard\libcr_c.a(_cr_sbrk.o)
 .debug_ranges  0x00000820       0x30 C:/nxp/MCUXpressoIDE_11.10.0_3148/ide/plugins/com.nxp.mcuxpresso.tools.win32_11.10.0.202311280810/tools/bin/../lib/gcc/arm-none-eabi/13.2.1/../../../../arm-none-eabi/lib/thumb/v7e-m+fp/hard\libcr_c.a(_deferredlazyseek.o)
 .debug_ranges  0x00000850       0x10 C:/nxp/MCUXpressoIDE_11.10.0_3148/ide/plugins/com.nxp.mcuxpresso.tools.win32_11.10.0.202311280810/tools/bin/../lib/gcc/arm-none-eabi/13.2.1/../../../../arm-none-eabi/lib/thumb/v7e-m+fp/hard\libcr_c.a(_fdopen.o)
 .debug_ranges  0x00000860       0x10 C:/nxp/MCUXpressoIDE_11.10.0_3148/ide/plugins/com.nxp.mcuxpresso.tools.win32_11.10.0.202311280810/tools/bin/../lib/gcc/arm-none-eabi/13.2.1/../../../../arm-none-eabi/lib/thumb/v7e-m+fp/hard\libcr_c.a(_fflush.o)
 .debug_ranges  0x00000870       0x10 C:/nxp/MCUXpressoIDE_11.10.0_3148/ide/plugins/com.nxp.mcuxpresso.tools.win32_11.10.0.202311280810/tools/bin/../lib/gcc/arm-none-eabi/13.2.1/../../../../arm-none-eabi/lib/thumb/v7e-m+fp/hard\libcr_c.a(_writebuf.o)
 .debug_ranges  0x00000880       0x10 C:/nxp/MCUXpressoIDE_11.10.0_3148/ide/plugins/com.nxp.mcuxpresso.tools.win32_11.10.0.202311280810/tools/bin/../lib/gcc/arm-none-eabi/13.2.1/../../../../arm-none-eabi/lib/thumb/v7e-m+fp/hard\libcr_c.a(fclose.o)
 .debug_ranges  0x00000890       0x30 C:/nxp/MCUXpressoIDE_11.10.0_3148/ide/plugins/com.nxp.mcuxpresso.tools.win32_11.10.0.202311280810/tools/bin/../lib/gcc/arm-none-eabi/13.2.1/../../../../arm-none-eabi/lib/thumb/v7e-m+fp/hard\libcr_c.a(fflush.o)
 .debug_ranges  0x000008c0       0x10 C:/nxp/MCUXpressoIDE_11.10.0_3148/ide/plugins/com.nxp.mcuxpresso.tools.win32_11.10.0.202311280810/tools/bin/../lib/gcc/arm-none-eabi/13.2.1/../../../../arm-none-eabi/lib/thumb/v7e-m+fp/hard\libcr_c.a(fseek.o)
 .debug_ranges  0x000008d0       0x10 C:/nxp/MCUXpressoIDE_11.10.0_3148/ide/plugins/com.nxp.mcuxpresso.tools.win32_11.10.0.202311280810/tools/bin/../lib/gcc/arm-none-eabi/13.2.1/../../../../arm-none-eabi/lib/thumb/v7e-m+fp/hard\libcr_c.a(ftell.o)
 .debug_ranges  0x000008e0       0x18 C:/nxp/MCUXpressoIDE_11.10.0_3148/ide/plugins/com.nxp.mcuxpresso.tools.win32_11.10.0.202311280810/tools/bin/../lib/gcc/arm-none-eabi/13.2.1/../../../../arm-none-eabi/lib/thumb/v7e-m+fp/hard\libcr_c.a(remove.o)
 .debug_ranges  0x000008f8       0x10 C:/nxp/MCUXpressoIDE_11.10.0_3148/ide/plugins/com.nxp.mcuxpresso.tools.win32_11.10.0.202311280810/tools/bin/../lib/gcc/arm-none-eabi/13.2.1/../../../../arm-none-eabi/lib/thumb/v7e-m+fp/hard\libcr_c.a(_cr_check_heap.o)
 .debug_ranges  0x00000908       0x28 C:/nxp/MCUXpressoIDE_11.10.0_3148/ide/plugins/com.nxp.mcuxpresso.tools.win32_11.10.0.202311280810/tools/bin/../lib/gcc/arm-none-eabi/13.2.1/../../../../arm-none-eabi/lib/thumb/v7e-m+fp/hard\libcr_c.a(_do_fflush.o)
 .debug_ranges  0x00000930       0x10 C:/nxp/MCUXpressoIDE_11.10.0_3148/ide/plugins/com.nxp.mcuxpresso.tools.win32_11.10.0.202311280810/tools/bin/../lib/gcc/arm-none-eabi/13.2.1/../../../../arm-none-eabi/lib/thumb/v7e-m+fp/hard\libcr_nohost_nf.a(__sys_close.o)
 .debug_ranges  0x00000940       0x10 C:/nxp/MCUXpressoIDE_11.10.0_3148/ide/plugins/com.nxp.mcuxpresso.tools.win32_11.10.0.202311280810/tools/bin/../lib/gcc/arm-none-eabi/13.2.1/../../../../arm-none-eabi/lib/thumb/v7e-m+fp/hard\libcr_nohost_nf.a(__sys_flen.o)
 .debug_ranges  0x00000950       0x10 C:/nxp/MCUXpressoIDE_11.10.0_3148/ide/plugins/com.nxp.mcuxpresso.tools.win32_11.10.0.202311280810/tools/bin/../lib/gcc/arm-none-eabi/13.2.1/../../../../arm-none-eabi/lib/thumb/v7e-m+fp/hard\libcr_nohost_nf.a(__sys_istty.o)
 .debug_ranges  0x00000960       0x10 C:/nxp/MCUXpressoIDE_11.10.0_3148/ide/plugins/com.nxp.mcuxpresso.tools.win32_11.10.0.202311280810/tools/bin/../lib/gcc/arm-none-eabi/13.2.1/../../../../arm-none-eabi/lib/thumb/v7e-m+fp/hard\libcr_nohost_nf.a(__sys_remove.o)
 .debug_ranges  0x00000970       0x10 C:/nxp/MCUXpressoIDE_11.10.0_3148/ide/plugins/com.nxp.mcuxpresso.tools.win32_11.10.0.202311280810/tools/bin/../lib/gcc/arm-none-eabi/13.2.1/../../../../arm-none-eabi/lib/thumb/v7e-m+fp/hard\libcr_nohost_nf.a(__sys_seek.o)
 .debug_ranges  0x00000980       0x10 C:/nxp/MCUXpressoIDE_11.10.0_3148/ide/plugins/com.nxp.mcuxpresso.tools.win32_11.10.0.202311280810/tools/bin/../lib/gcc/arm-none-eabi/13.2.1/../../../../arm-none-eabi/lib/thumb/v7e-m+fp/hard\libcr_nohost_nf.a(__sys_tmpnam.o)
 .debug_ranges  0x00000990       0x10 C:/nxp/MCUXpressoIDE_11.10.0_3148/ide/plugins/com.nxp.mcuxpresso.tools.win32_11.10.0.202311280810/tools/bin/../lib/gcc/arm-none-eabi/13.2.1/../../../../arm-none-eabi/lib/thumb/v7e-m+fp/hard\libcr_nohost_nf.a(__sys_write.o)

.debug_macro    0x00000000    0x12479
 .debug_macro   0x00000000       0x29 ./startup/startup_mk64f12.o
 .debug_macro   0x00000029      0xafc ./startup/startup_mk64f12.o
 .debug_macro   0x00000b25       0x70 ./source/utils/circular_buffer.o
 .debug_macro   0x00000b95       0x10 ./source/utils/circular_buffer.o
 .debug_macro   0x00000ba5      0x12e ./source/utils/circular_buffer.o
 .debug_macro   0x00000cd3      0x5b3 ./source/utils/circular_buffer.o
 .debug_macro   0x00001286       0x28 ./source/utils/circular_buffer.o
 .debug_macro   0x000012ae       0x22 ./source/utils/circular_buffer.o
 .debug_macro   0x000012d0       0xcf ./source/serial/serial.o
 .debug_macro   0x0000139f       0x1c ./source/serial/serial.o
 .debug_macro   0x000013bb       0x40 ./source/serial/serial.o
 .debug_macro   0x000013fb       0x5b ./source/serial/serial.o
 .debug_macro   0x00001456       0x3b ./source/serial/serial.o
 .debug_macro   0x00001491       0x50 ./source/serial/serial.o
 .debug_macro   0x000014e1      0xd40 ./source/serial/serial.o
 .debug_macro   0x00002221       0x44 ./source/serial/serial.o
 .debug_macro   0x00002265     0xe07b ./source/serial/serial.o
 .debug_macro   0x000102e0       0x46 ./source/serial/serial.o
 .debug_macro   0x00010326       0xce ./source/pdb/pdb.o
 .debug_macro   0x000103f4       0x10 ./source/pdb/pdb.o
 .debug_macro   0x00010404     0x13c7 ./source/pdb/pdb.o
 .debug_macro   0x000117cb       0x88 ./source/pdb/pdb.o
 .debug_macro   0x00011853       0x22 ./source/pdb/pdb.o
 .debug_macro   0x00011875       0xd4 ./source/gpio/gpio.o
 .debug_macro   0x00011949       0x3a ./source/gpio/gpio.o
 .debug_macro   0x00011983       0xd4 ./source/ADC.o
 .debug_macro   0x00011a57       0x2e ./source/ADC.o
 .debug_macro   0x00011a85       0xdd ./source/FTM.o
 .debug_macro   0x00011b62       0x34 ./source/FTM.o
 .debug_macro   0x00011b96       0xca ./source/GPIO.o
 .debug_macro   0x00011c60       0x28 ./source/GPIO.o
 .debug_macro   0x00011c88       0xc5 ./source/PORT.o
 .debug_macro   0x00011d4d      0x112 ./source/SysTick.o
 .debug_macro   0x00011e5f       0xd8 ./source/SysTick.o
 .debug_macro   0x00011f37       0xd4 ./source/demod.o
 .debug_macro   0x0001200b       0x3a ./source/demod.o
 .debug_macro   0x00012045       0xbb ./source/hardware.o
 .debug_macro   0x00012100      0x158 ./source/main.o
 .debug_macro   0x00012258       0x3a ./source/main.o
 .debug_macro   0x00012292       0x40 ./source/main.o
 .debug_macro   0x000122d2      0x108 ./source/uart2.o
 .debug_macro   0x000123da       0x9f ./CMSIS/system_MK64F12.o

.debug_line     0x00000000     0x645f
 .debug_line    0x00000000      0xa09 ./startup/startup_mk64f12.o
 .debug_line    0x00000a09      0x2e9 ./source/utils/circular_buffer.o
 .debug_line    0x00000cf2      0x2e9 ./source/serial/serial.o
 .debug_line    0x00000fdb      0x43e ./source/pdb/pdb.o
 .debug_line    0x00001419      0x5d8 ./source/gpio/gpio.o
 .debug_line    0x000019f1      0x797 ./source/ADC.o
 .debug_line    0x00002188      0x627 ./source/FTM.o
 .debug_line    0x000027af      0x370 ./source/GPIO.o
 .debug_line    0x00002b1f      0x4d9 ./source/PORT.o
 .debug_line    0x00002ff8      0x354 ./source/SysTick.o
 .debug_line    0x0000334c      0x442 ./source/demod.o
 .debug_line    0x0000378e      0x391 ./source/hardware.o
 .debug_line    0x00003b1f      0x437 ./source/main.o
 .debug_line    0x00003f56      0x725 ./source/uart2.o
 .debug_line    0x0000467b      0x3a3 ./CMSIS/system_MK64F12.o
 .debug_line    0x00004a1e       0xc4 C:/nxp/MCUXpressoIDE_11.10.0_3148/ide/plugins/com.nxp.mcuxpresso.tools.win32_11.10.0.202311280810/tools/bin/../lib/gcc/arm-none-eabi/13.2.1/../../../../arm-none-eabi/lib/thumb/v7e-m+fp/hard\libcr_nohost_nf.a(_cr__main.o)
 .debug_line    0x00004ae2      0x37b C:/nxp/MCUXpressoIDE_11.10.0_3148/ide/plugins/com.nxp.mcuxpresso.tools.win32_11.10.0.202311280810/tools/bin/../lib/gcc/arm-none-eabi/13.2.1/../../../../arm-none-eabi/lib/thumb/v7e-m+fp/hard\libcr_c.a(alloc.o)
 .debug_line    0x00004e5d      0x152 C:/nxp/MCUXpressoIDE_11.10.0_3148/ide/plugins/com.nxp.mcuxpresso.tools.win32_11.10.0.202311280810/tools/bin/../lib/gcc/arm-none-eabi/13.2.1/../../../../arm-none-eabi/lib/thumb/v7e-m+fp/hard\libcr_c.a(initio.o)
 .debug_line    0x00004faf       0xed C:/nxp/MCUXpressoIDE_11.10.0_3148/ide/plugins/com.nxp.mcuxpresso.tools.win32_11.10.0.202311280810/tools/bin/../lib/gcc/arm-none-eabi/13.2.1/../../../../arm-none-eabi/lib/thumb/v7e-m+fp/hard\libcr_c.a(setvbuf.o)
 .debug_line    0x0000509c      0x109 C:/nxp/MCUXpressoIDE_11.10.0_3148/ide/plugins/com.nxp.mcuxpresso.tools.win32_11.10.0.202311280810/tools/bin/../lib/gcc/arm-none-eabi/13.2.1/../../../../arm-none-eabi/lib/thumb/v7e-m+fp/hard\libcr_c.a(strlen.o)
 .debug_line    0x000051a5       0x7b C:/nxp/MCUXpressoIDE_11.10.0_3148/ide/plugins/com.nxp.mcuxpresso.tools.win32_11.10.0.202311280810/tools/bin/../lib/gcc/arm-none-eabi/13.2.1/../../../../arm-none-eabi/lib/thumb/v7e-m+fp/hard\libcr_c.a(memset.o)
 .debug_line    0x00005220       0x59 C:/nxp/MCUXpressoIDE_11.10.0_3148/ide/plugins/com.nxp.mcuxpresso.tools.win32_11.10.0.202311280810/tools/bin/../lib/gcc/arm-none-eabi/13.2.1/../../../../arm-none-eabi/lib/thumb/v7e-m+fp/hard\libcr_c.a(__init_alloc.o)
 .debug_line    0x00005279       0xf6 C:/nxp/MCUXpressoIDE_11.10.0_3148/ide/plugins/com.nxp.mcuxpresso.tools.win32_11.10.0.202311280810/tools/bin/../lib/gcc/arm-none-eabi/13.2.1/../../../../arm-none-eabi/lib/thumb/v7e-m+fp/hard\libcr_c.a(_cr_sbrk.o)
 .debug_line    0x0000536f      0x2dd C:/nxp/MCUXpressoIDE_11.10.0_3148/ide/plugins/com.nxp.mcuxpresso.tools.win32_11.10.0.202311280810/tools/bin/../lib/gcc/arm-none-eabi/13.2.1/../../../../arm-none-eabi/lib/thumb/v7e-m+fp/hard\libcr_c.a(_deferredlazyseek.o)
 .debug_line    0x0000564c      0x11c C:/nxp/MCUXpressoIDE_11.10.0_3148/ide/plugins/com.nxp.mcuxpresso.tools.win32_11.10.0.202311280810/tools/bin/../lib/gcc/arm-none-eabi/13.2.1/../../../../arm-none-eabi/lib/thumb/v7e-m+fp/hard\libcr_c.a(_fdopen.o)
 .debug_line    0x00005768      0x121 C:/nxp/MCUXpressoIDE_11.10.0_3148/ide/plugins/com.nxp.mcuxpresso.tools.win32_11.10.0.202311280810/tools/bin/../lib/gcc/arm-none-eabi/13.2.1/../../../../arm-none-eabi/lib/thumb/v7e-m+fp/hard\libcr_c.a(_fflush.o)