   1              		.cpu cortex-m4
   2              		.arch armv7e-m
   3              		.fpu fpv4-sp-d16
   4              		.eabi_attribute 27, 1
   5              		.eabi_attribute 28, 1
   6              		.eabi_attribute 20, 1
   7              		.eabi_attribute 21, 1
   8              		.eabi_attribute 23, 3
   9              		.eabi_attribute 24, 1
  10              		.eabi_attribute 25, 1
  11              		.eabi_attribute 26, 1
  12              		.eabi_attribute 30, 6
  13              		.eabi_attribute 34, 1
  14              		.eabi_attribute 18, 4
  15              		.file	"filter.c"
  16              		.text
  17              	.Ltext0:
  18              		.cfi_sections	.debug_frame
  19              		.file 1 "../source/filter.c"
  20              		.section	.rodata.coefs,"a"
  21              		.align	2
  24              	coefs:
  25 0000 93C9D93C 		.word	1020905875
  26 0004 178B8A3D 		.word	1032489751
  27 0008 3BFEFF3D 		.word	1040186939
  28 000c 8F9B393E 		.word	1043962767
  29 0010 BB7F5D3E 		.word	1046314939
  30 0014 BB7F5D3E 		.word	1046314939
  31 0018 8F9B393E 		.word	1043962767
  32 001c 3BFEFF3D 		.word	1040186939
  33 0020 178B8A3D 		.word	1032489751
  34 0024 93C9D93C 		.word	1020905875
  35              		.section	.bss.values,"aw",%nobits
  36              		.align	2
  39              	values:
  40 0000 00000000 		.space	24
  40      00000000 
  40      00000000 
  40      00000000 
  40      00000000 
  41              		.text
  42              	.Letext0:
DEFINED SYMBOLS
                            *ABS*:00000000 filter.c
C:\Users\casas\AppData\Local\Temp\ccwkSFlq.s:21     .rodata.coefs:00000000 $d
C:\Users\casas\AppData\Local\Temp\ccwkSFlq.s:24     .rodata.coefs:00000000 coefs
C:\Users\casas\AppData\Local\Temp\ccwkSFlq.s:36     .bss.values:00000000 $d
C:\Users\casas\AppData\Local\Temp\ccwkSFlq.s:39     .bss.values:00000000 values
                           .group:00000000 wm4.0.1dcc4abb7b230aa9a5dadaa004994123
                           .group:00000000 wm4.filter.h.2.e483a9fb80ba0c212a297804c59a49e0

NO UNDEFINED SYMBOLS
