   1              		.cpu cortex-m4
   2              		.arch armv7e-m
   3              		.fpu fpv4-sp-d16
   4              		.eabi_attribute 27, 1
   5              		.eabi_attribute 28, 1
   6              		.eabi_attribute 20, 1
   7              		.eabi_attribute 21, 1
   8              		.eabi_attribute 23, 3
   9              		.eabi_attribute 24, 1
  10              		.eabi_attribute 25, 1
  11              		.eabi_attribute 26, 1
  12              		.eabi_attribute 30, 6
  13              		.eabi_attribute 34, 1
  14              		.eabi_attribute 18, 4
  15              		.file	"main.c"
  16              		.text
  17              	.Ltext0:
  18              		.cfi_sections	.debug_frame
  19              		.file 1 "../source/main.c"
  20              		.global	cont
  21              		.section	.bss.cont,"aw",%nobits
  22              		.align	2
  25              	cont:
  26 0000 00000000 		.space	4
  27              		.global	conf
  28              		.section	.bss.conf,"aw",%nobits
  29              		.align	2
  32              	conf:
  33 0000 00000000 		.space	8
  33      00000000 
  34              		.global	cont_b
  35              		.section	.bss.cont_b,"aw",%nobits
  36              		.align	1
  39              	cont_b:
  40 0000 0000     		.space	2
  41              		.global	bitstream
  42              		.section	.bss.bitstream,"aw",%nobits
  43              		.align	2
  46              	bitstream:
  47 0000 00000000 		.space	1000
  47      00000000 
  47      00000000 
  47      00000000 
  47      00000000 
  48              		.global	filt_cnt
  49              		.section	.bss.filt_cnt,"aw",%nobits
  50              		.align	1
  53              	filt_cnt:
  54 0000 0000     		.space	2
  55              		.section	.rodata.main.str1.4,"aMS",%progbits,1
  56              		.align	2
  57              	.LC0:
  58 0000 4100     		.ascii	"A\000"
  59 0002 0000     		.align	2
  60              	.LC1:
  61 0004 4200     		.ascii	"B\000"
  62 0006 0000     		.align	2
  63              	.LC2:
  64 0008 4300     		.ascii	"C\000"
  65 000a 0000     		.align	2
  66              	.LC3:
  67 000c 44203D20 		.ascii	"D = %d\012\000"
  67      25640A00 
  68              		.section	.text.main,"ax",%progbits
  69              		.align	1
  70              		.global	main
  71              		.syntax unified
  72              		.thumb
  73              		.thumb_func
  75              	main:
  76              	.LFB123:
   1:../source/main.c **** /*
   2:../source/main.c ****  * main.c
   3:../source/main.c ****  *
   4:../source/main.c ****  *  Created on: May 1, 2015
   5:../source/main.c ****  *      Author: Juan Pablo VEGA - Laboratorio de Microprocesadores
   6:../source/main.c ****  */
   7:../source/main.c **** 
   8:../source/main.c **** #include "hardware.h"
   9:../source/main.c **** #include "PORT.h"
  10:../source/main.c **** #include "gpio/gpio.h"
  11:../source/main.c **** #include "FTM.h"
  12:../source/main.c **** #include "uart2.h"
  13:../source/main.c **** #include "ADC.h"
  14:../source/main.c **** #include "SysTick.h"
  15:../source/main.c **** #include <stdio.h>
  16:../source/main.c **** #include "serial/serial.h"
  17:../source/main.c **** #include "./pdb/pdb.h"
  18:../source/main.c **** #include <stdbool.h>
  19:../source/main.c **** #include "demod.h"
  20:../source/main.c **** #define __FOREVER__ 	for(;;)
  21:../source/main.c **** #define PERIODO_PRINT 1000
  22:../source/main.c **** 
  23:../source/main.c **** 
  24:../source/main.c **** uint32_t cont;
  25:../source/main.c **** pdb_config_t conf;
  26:../source/main.c **** uint16_t cont_b;
  27:../source/main.c **** uint8_t bitstream[1000];
  28:../source/main.c **** uint16_t filt_cnt;
  29:../source/main.c **** 
  30:../source/main.c **** int main (void)
  31:../source/main.c **** {
  77              		.loc 1 31 1
  78              		.cfi_startproc
  79              		@ args = 0, pretend = 0, frame = 0
  80              		@ frame_needed = 1, uses_anonymous_args = 0
  81 0000 80B5     		push	{r7, lr}
  82              		.cfi_def_cfa_offset 8
  83              		.cfi_offset 7, -8
  84              		.cfi_offset 14, -4
  85 0002 00AF     		add	r7, sp, #0
  86              		.cfi_def_cfa_register 7
  32:../source/main.c ****  	 	 	 	hw_Init();
  87              		.loc 1 32 9
  88 0004 FFF7FEFF 		bl	hw_Init
  33:../source/main.c ****  	 	 	 	PORT_Init();
  89              		.loc 1 33 9
  90 0008 FFF7FEFF 		bl	PORT_Init
  34:../source/main.c ****  	 	 		//GPIO_Init();
  35:../source/main.c ****  	 	 		serial_init(250000);
  91              		.loc 1 35 8
  92 000c 3048     		ldr	r0, .L5
  93 000e FFF7FEFF 		bl	serial_init
  36:../source/main.c ****  	 	 		//SysTick_Init();		//No quiero por software
  37:../source/main.c **** 			#ifdef DEBUG_PIN
  38:../source/main.c ****  	 	 		//GPIO_SetDirection(PTC, 12, GPIO_OUT(12));
  39:../source/main.c ****  	 	 		gpioMode(PORTNUM2PIN(PB,DEBUG_PIN), OUTPUT);
  94              		.loc 1 39 8
  95 0012 0121     		movs	r1, #1
  96 0014 3720     		movs	r0, #55
  97 0016 FFF7FEFF 		bl	gpioMode
  40:../source/main.c **** 			#endif
  41:../source/main.c **** 			#ifdef DEBUG_PIN12C
  42:../source/main.c **** 					//GPIO_SetDirection(PTC, 12, GPIO_OUT(12));
  43:../source/main.c **** 					gpioMode(PORTNUM2PIN(PC,DEBUG_PIN12C), OUTPUT);
  98              		.loc 1 43 6
  99 001a 0121     		movs	r1, #1
 100 001c 4C20     		movs	r0, #76
 101 001e FFF7FEFF 		bl	gpioMode
  44:../source/main.c **** 			#endif
  45:../source/main.c ****  	 	 		//settings for sample freq of 12kHz
  46:../source/main.c ****  	 	 		conf.mod = 2083U;
 102              		.loc 1 46 17
 103 0022 2C4B     		ldr	r3, .L5+4
 104 0024 40F62302 		movw	r2, #2083
 105 0028 5A80     		strh	r2, [r3, #2]	@ movhi
  47:../source/main.c ****  	 	 		conf.mult = PDB_MULTIPLIER_1;
 106              		.loc 1 47 18
 107 002a 2A4B     		ldr	r3, .L5+4
 108 002c 0022     		movs	r2, #0
 109 002e 5A70     		strb	r2, [r3, #1]
  48:../source/main.c ****  	 	 		conf.prescaler = PDB_PRESCALER_2;
 110              		.loc 1 48 23
 111 0030 284B     		ldr	r3, .L5+4
 112 0032 0122     		movs	r2, #1
 113 0034 1A70     		strb	r2, [r3]
  49:../source/main.c **** 
  50:../source/main.c ****  	 	 		conf.trigger = PDB_TRIGG_SW;
 114              		.loc 1 50 21
 115 0036 274B     		ldr	r3, .L5+4
 116 0038 0F22     		movs	r2, #15
 117 003a 1A71     		strb	r2, [r3, #4]
  51:../source/main.c ****  	 	 		conf.channel = PDB0_CH0;
 118              		.loc 1 51 21
 119 003c 254B     		ldr	r3, .L5+4
 120 003e 0022     		movs	r2, #0
 121 0040 5A71     		strb	r2, [r3, #5]
  52:../source/main.c ****  	 	 		conf.pretrigger = PDB0_PRETRIGGER_A;
 122              		.loc 1 52 24
 123 0042 244B     		ldr	r3, .L5+4
 124 0044 0022     		movs	r2, #0
 125 0046 9A71     		strb	r2, [r3, #6]
  53:../source/main.c ****  	 	 		pdb_init(1,0, conf);
 126              		.loc 1 53 8
 127 0048 224B     		ldr	r3, .L5+4
 128 004a 0CCB     		ldm	r3, {r2, r3}
 129 004c 0021     		movs	r1, #0
 130 004e 0120     		movs	r0, #1
 131 0050 FFF7FEFF 		bl	pdb_init
  54:../source/main.c ****  	 	 		pdb_set_delay(PDB0_CH0, PDB0_PRETRIGGER_A, 2);
 132              		.loc 1 54 8
 133 0054 0222     		movs	r2, #2
 134 0056 0021     		movs	r1, #0
 135 0058 0020     		movs	r0, #0
 136 005a FFF7FEFF 		bl	pdb_set_delay
  55:../source/main.c ****  	 	 		demod_init(bitstream);
 137              		.loc 1 55 8
 138 005e 1E48     		ldr	r0, .L5+8
 139 0060 FFF7FEFF 		bl	demod_init
  56:../source/main.c ****  	 	 		ADC_Init(true);
 140              		.loc 1 56 8
 141 0064 0120     		movs	r0, #1
 142 0066 FFF7FEFF 		bl	ADC_Init
  57:../source/main.c **** 
  58:../source/main.c ****  	 	 		do_software_trigger();
 143              		.loc 1 58 8
 144 006a FFF7FEFF 		bl	do_software_trigger
  59:../source/main.c ****  	 	 		//ADC_Calibrate(ADC0);
  60:../source/main.c **** 				serial_print("A");
 145              		.loc 1 60 5
 146 006e 1B48     		ldr	r0, .L5+12
 147 0070 FFF7FEFF 		bl	serial_print
  61:../source/main.c **** 				serial_print("B");
 148              		.loc 1 61 5
 149 0074 1A48     		ldr	r0, .L5+16
 150 0076 FFF7FEFF 		bl	serial_print
  62:../source/main.c **** 				serial_print("C");
 151              		.loc 1 62 5
 152 007a 1A48     		ldr	r0, .L5+20
 153 007c FFF7FEFF 		bl	serial_print
 154              	.L4:
  63:../source/main.c **** 
  64:../source/main.c **** 
  65:../source/main.c **** 
  66:../source/main.c ****  	 	// 		hw_DisableInterrupts();
  67:../source/main.c **** 
  68:../source/main.c ****  	 	 		__FOREVER__{
  69:../source/main.c **** 					cont = get_unfiltered_count();
 155              		.loc 1 69 13
 156 0080 FFF7FEFF 		bl	get_unfiltered_count
 157 0084 0346     		mov	r3, r0
 158              		.loc 1 69 13 is_stmt 0 discriminator 1
 159 0086 1A46     		mov	r2, r3
 160              		.loc 1 69 11 is_stmt 1 discriminator 1
 161 0088 174B     		ldr	r3, .L5+24
 162 008a 1A60     		str	r2, [r3]
  70:../source/main.c **** 					if(cont >= 2){
 163              		.loc 1 70 14
 164 008c 164B     		ldr	r3, .L5+24
 165 008e 1B68     		ldr	r3, [r3]
 166              		.loc 1 70 8
 167 0090 012B     		cmp	r3, #1
 168 0092 01D9     		bls	.L2
  71:../source/main.c **** 						filter_data();
 169              		.loc 1 71 7
 170 0094 FFF7FEFF 		bl	filter_data
 171              	.L2:
  72:../source/main.c **** 					}
  73:../source/main.c **** 					if(is_data_ready()){
 172              		.loc 1 73 9
 173 0098 FFF7FEFF 		bl	is_data_ready
 174 009c 0346     		mov	r3, r0
 175              		.loc 1 73 8 discriminator 1
 176 009e 002B     		cmp	r3, #0
 177 00a0 EED0     		beq	.L4
  74:../source/main.c **** 						cont_b++;
 178              		.loc 1 74 13
 179 00a2 124B     		ldr	r3, .L5+28
 180 00a4 1B88     		ldrh	r3, [r3]
 181 00a6 0133     		adds	r3, r3, #1
 182 00a8 9AB2     		uxth	r2, r3
 183 00aa 104B     		ldr	r3, .L5+28
 184 00ac 1A80     		strh	r2, [r3]	@ movhi
  75:../source/main.c **** 						if(cont_b == PERIODO_PRINT){
 185              		.loc 1 75 17
 186 00ae 0F4B     		ldr	r3, .L5+28
 187 00b0 1B88     		ldrh	r3, [r3]
 188              		.loc 1 75 9
 189 00b2 B3F57A7F 		cmp	r3, #1000
 190 00b6 E3D1     		bne	.L4
  76:../source/main.c **** 						cont_b=0;
 191              		.loc 1 76 13
 192 00b8 0C4B     		ldr	r3, .L5+28
 193 00ba 0022     		movs	r2, #0
 194 00bc 1A80     		strh	r2, [r3]	@ movhi
  77:../source/main.c **** 						serial_printf("D = %d\n", get_data_byte());
 195              		.loc 1 77 33
 196 00be FFF7FEFF 		bl	get_data_byte
 197 00c2 0346     		mov	r3, r0
 198              		.loc 1 77 7 discriminator 1
 199 00c4 1946     		mov	r1, r3
 200 00c6 0A48     		ldr	r0, .L5+32
 201 00c8 FFF7FEFF 		bl	serial_printf
  69:../source/main.c **** 					if(cont >= 2){
 202              		.loc 1 69 11
 203 00cc D8E7     		b	.L4
 204              	.L6:
 205 00ce 00BF     		.align	2
 206              	.L5:
 207 00d0 90D00300 		.word	250000
 208 00d4 00000000 		.word	conf
 209 00d8 00000000 		.word	bitstream
 210 00dc 00000000 		.word	.LC0
 211 00e0 04000000 		.word	.LC1
 212 00e4 08000000 		.word	.LC2
 213 00e8 00000000 		.word	cont
 214 00ec 00000000 		.word	cont_b
 215 00f0 0C000000 		.word	.LC3
 216              		.cfi_endproc
 217              	.LFE123:
 219              		.text
 220              	.Letext0:
 221              		.file 2 "C:/nxp/MCUXpressoIDE_11.10.0_3148/ide/plugins/com.nxp.mcuxpresso.tools.win32_11.10.0.2023
 222              		.file 3 "../source/gpio/gpio.h"
 223              		.file 4 "../source/./pdb/pdb.h"
 224              		.file 5 "../source/demod.h"
 225              		.file 6 "../source/serial/serial.h"
 226              		.file 7 "../source/ADC.h"
 227              		.file 8 "../source/PORT.h"
 228              		.file 9 "../source/hardware.h"
DEFINED SYMBOLS
                            *ABS*:00000000 main.c
C:\Users\casas\AppData\Local\Temp\cc8LTjZX.s:25     .bss.cont:00000000 cont
C:\Users\casas\AppData\Local\Temp\cc8LTjZX.s:22     .bss.cont:00000000 $d
C:\Users\casas\AppData\Local\Temp\cc8LTjZX.s:32     .bss.conf:00000000 conf
C:\Users\casas\AppData\Local\Temp\cc8LTjZX.s:29     .bss.conf:00000000 $d
C:\Users\casas\AppData\Local\Temp\cc8LTjZX.s:39     .bss.cont_b:00000000 cont_b
C:\Users\casas\AppData\Local\Temp\cc8LTjZX.s:36     .bss.cont_b:00000000 $d
C:\Users\casas\AppData\Local\Temp\cc8LTjZX.s:46     .bss.bitstream:00000000 bitstream
C:\Users\casas\AppData\Local\Temp\cc8LTjZX.s:43     .bss.bitstream:00000000 $d
C:\Users\casas\AppData\Local\Temp\cc8LTjZX.s:53     .bss.filt_cnt:00000000 filt_cnt
C:\Users\casas\AppData\Local\Temp\cc8LTjZX.s:50     .bss.filt_cnt:00000000 $d
C:\Users\casas\AppData\Local\Temp\cc8LTjZX.s:56     .rodata.main.str1.4:00000000 $d
C:\Users\casas\AppData\Local\Temp\cc8LTjZX.s:69     .text.main:00000000 $t
C:\Users\casas\AppData\Local\Temp\cc8LTjZX.s:75     .text.main:00000000 main
C:\Users\casas\AppData\Local\Temp\cc8LTjZX.s:207    .text.main:000000d0 $d
                           .group:00000000 wm4.0.1dcc4abb7b230aa9a5dadaa004994123
                           .group:00000000 wm4.redlib_version.h.25.d2e865e22c1528eeae52d7d98a50fff1
                           .group:00000000 wm4.libconfigarm.h.19.34723c94cbd19598192aa6b1e87fca41
                           .group:00000000 wm4.stdint.h.31.58198de4ea930fb897655479091e17c7
                           .group:00000000 wm4.stdbool.h.15.fddf1cb2402fd739d8e2516677869231
                           .group:00000000 wm4.fsl_device_registers.h.32.f10b25a7fd7ad45b9a40904c33f28816
                           .group:00000000 wm4.MK64F12.h.105.e884e5c80776532d2ec0f5c21e2ea7cb
                           .group:00000000 wm4.core_cm4.h.42.42f38327ee0970d80f60117e6a3ba2b0
                           .group:00000000 wm4.cmsis_gcc.h.36.39970cb43ce4b53c82644a1f9bc2eab9
                           .group:00000000 wm4.core_cm4.h.223.7b48c9958ef5573320c4765074c8b0ce
                           .group:00000000 wm4.system_MK64F12.h.109.c6d21568e03be21b21c922eb7345d6e3
                           .group:00000000 wm4.MK64F12.h.475.9475ab1c0ace29480f556d9316131319
                           .group:00000000 wm4.MK64F12_features.h.92.512cea46d882153168efeec0bc3a9da7
                           .group:00000000 wm4.hardware.h.28.9c5eae6fa67a41a2ef974419a839913d
                           .group:00000000 wm4.gpio.h.8.3b8dab8fd05527fe26c360fc8897e237
                           .group:00000000 wm4.FTM.h.3.6f40a2af0d72d696e1572bcfd1bb3ad6
                           .group:00000000 wm4.uart_k64_frdm.h.7.daad7da6bb0c433ac1106ba3952f7c1d
                           .group:00000000 wm4.stdio.h.45.f451916e772fb1711dab452062404594
                           .group:00000000 wm4.stdarg.h.28.d8f3211cadb58bc5b5d9912f510a3ed1
                           .group:00000000 wm4.pdb.h.22.34ae618ef6a00e35529519f193427cf7
                           .group:00000000 wm4.demod.h.2.8c4a1a324dc06ae4a30701ec83fd174f

UNDEFINED SYMBOLS
hw_Init
PORT_Init
serial_init
gpioMode
pdb_init
pdb_set_delay
demod_init
ADC_Init
do_software_trigger
serial_print
get_unfiltered_count
filter_data
is_data_ready
get_data_byte
serial_printf
